[2026-08-09 19:07:19] === overnight decision run: L=256 steps=6000 arms={A_l2vel B_l2velpos} pool=n8rand ===
[2026-08-09 19:07:19] stage 1: measuring drift on the finished L-ablation cells
Failed to import warp: No module named 'warp'
Failed to import mujoco_warp: No module named 'warp'
cells: ['L128_A_l2vel', 'L128_B_l2velpos', 'L128_C_l2velori', 'L128_D_l2velposori', 'L256_A_l2vel', 'L256_B_l2velpos', 'L256_C_l2velori', 'L256_D_l2velposori', 'L512_A_l2vel']
collector: 9 filtered joints, 8 IMUs, 8 contacts, 4 off-path joints, dt=0.001 (1000 Hz)  [built in 0.9s]
held-out: ['flat_n8fix_seed028.npz', 'hard_stepping_n8fix_seed027.npz', 'stepping_stones_n8fix_seed022.npz', 'waves_n8fix_seed025.npz']
  reused flat_n8fix_seed000_feat.npz (cache newer than rollout, channels match)
  reused flat_n8fix_seed004_feat.npz (cache newer than rollout, channels match)
  reused flat_n8fix_seed008_feat.npz (cache newer than rollout, channels match)
  reused flat_n8fix_seed012_feat.npz (cache newer than rollout, channels match)
  reused flat_n8fix_seed016_feat.npz (cache newer than rollout, channels match)
  reused flat_n8fix_seed020_feat.npz (cache newer than rollout, channels match)
  reused flat_n8fix_seed024_feat.npz (cache newer than rollout, channels match)
  reused hard_stepping_n8fix_seed003_feat.npz (cache newer than rollout, channels match)
  reused hard_stepping_n8fix_seed007_feat.npz (cache newer than rollout, channels match)
  reused hard_stepping_n8fix_seed011_feat.npz (cache newer than rollout, channels match)
  reused hard_stepping_n8fix_seed015_feat.npz (cache newer than rollout, channels match)
  reused hard_stepping_n8fix_seed019_feat.npz (cache newer than rollout, channels match)
  reused hard_stepping_n8fix_seed023_feat.npz (cache newer than rollout, channels match)
  reused stepping_stones_n8fix_seed006_feat.npz (cache newer than rollout, channels match)
  reused stepping_stones_n8fix_seed014_feat.npz (cache newer than rollout, channels match)
  reused stepping_stones_n8fix_seed018_feat.npz (cache newer than rollout, channels match)
  reused waves_n8fix_seed001_feat.npz (cache newer than rollout, channels match)
  reused waves_n8fix_seed005_feat.npz (cache newer than rollout, channels match)
  reused waves_n8fix_seed009_feat.npz (cache newer than rollout, channels match)
  reused waves_n8fix_seed017_feat.npz (cache newer than rollout, channels match)
  reused waves_n8fix_seed021_feat.npz (cache newer than rollout, channels match)
  reused flat_n8fix_seed028_feat.npz (cache newer than rollout, channels match)
  reused hard_stepping_n8fix_seed027_feat.npz (cache newer than rollout, channels match)
  reused stepping_stones_n8fix_seed022_feat.npz (cache newer than rollout, channels match)
  reused waves_n8fix_seed025_feat.npz (cache newer than rollout, channels match)
1 distinct normalization(s) across 9 cells
  P0 from flat/seed0 ticks [16019, 19019): diag(R)=[6.64983805e-05 6.89037297e-05 1.00027989e+00], diag(v)=[0.00079118 0.00077245 0.00018433], diag(p)=[0.12287249 0.12097755 0.12140872], diag(d)=[0.12287031 0.12097683 0.12141024 0.12286839 0.12097627 0.1214101
 0.1228721  0.12098173 0.12140916 0.12287092 0.12098141 0.12140908
 0.12291139 0.12104048 0.12144945 0.12291014 0.12104344 0.12144625
 0.12293942 0.12105974 0.12142006 0.12287423 0.12097469 0.12141085], eig in [8.791e-08, 1.152e+00]
  L128_A_l2vel           drift_z -0.00350 m/s (analytic -0.01044)  rmse 0.0569
  L128_B_l2velpos        drift_z +0.01896 m/s (analytic -0.01044)  rmse 0.0797
  L128_C_l2velori        drift_z -0.00394 m/s (analytic -0.01044)  rmse 0.0516
  L128_D_l2velposori     drift_z +0.00061 m/s (analytic -0.01044)  rmse 0.0690
  L256_A_l2vel           drift_z -0.00268 m/s (analytic -0.01044)  rmse 0.0487
  L256_B_l2velpos        drift_z -0.00426 m/s (analytic -0.01044)  rmse 0.0484
  L256_C_l2velori        drift_z -0.00332 m/s (analytic -0.01044)  rmse 0.0476
  L256_D_l2velposori     drift_z -0.00431 m/s (analytic -0.01044)  rmse 0.0488
  L512_A_l2vel           drift_z -0.00419 m/s (analytic -0.01044)  rmse 0.0461

### Drift vs the metric the arms were selected on (28 s of held-out walking per rollout)

| cell | L | vel RMSE | |drift_z| [m/s] | analytic | ratio | final e_z | horiz % |
|---|---|---|---|---|---|---|---|
| L128_D_l2velposori | 128 | 0.0690 | 0.00061 | 0.01044 | 0.06x | -0.108 | 0.80 |
| L256_A_l2vel | 256 | 0.0487 | 0.00268 | 0.01044 | 0.26x | -0.056 | 1.03 |
| L256_C_l2velori | 256 | 0.0476 | 0.00332 | 0.01044 | 0.32x | -0.074 | 0.51 |
| L128_A_l2vel | 128 | 0.0569 | 0.00350 | 0.01044 | 0.34x | -0.083 | 1.02 |
| L128_C_l2velori | 128 | 0.0516 | 0.00394 | 0.01044 | 0.38x | -0.092 | 0.88 |
| L512_A_l2vel | 512 | 0.0461 | 0.00419 | 0.01044 | 0.40x | -0.106 | 0.98 |
| L256_B_l2velpos | 256 | 0.0484 | 0.00426 | 0.01044 | 0.41x | -0.110 | 0.63 |
| L256_D_l2velposori | 256 | 0.0488 | 0.00431 | 0.01044 | 0.41x | -0.104 | 0.66 |
| L128_B_l2velpos | 128 | 0.0797 | 0.01896 | 0.01044 | 1.82x | +0.321 | 0.90 |

rank by |drift_z| : ['L128_D_l2velposori', 'L256_A_l2vel', 'L256_C_l2velori', 'L128_A_l2vel', 'L128_C_l2velori', 'L512_A_l2vel', 'L256_B_l2velpos', 'L256_D_l2velposori', 'L128_B_l2velpos']
rank by vel_rmse  : ['L512_A_l2vel', 'L256_C_l2velori', 'L256_B_l2velpos', 'L256_A_l2vel', 'L256_D_l2velposori', 'L128_C_l2velori', 'L128_A_l2vel', 'L128_D_l2velposori', 'L128_B_l2velpos']
Spearman(drift, rmse) = +0.05

>>> The rankings DISAGREE. Selecting an arm on velocity RMSE does not select it for drift, so the RMSE table must not be used to choose a direction. This reproduces the 2026-08-07 finding.
[2026-08-09 19:40:19] stage 1 done (exit 0)
[2026-08-09 19:40:19] stage 2a: survivability probe (a policy that falls yields no data)
[2026-08-09 19:40:19] === survivability check; periods={0.4 0.8} seeds=2 terrains={flat hard_stepping} ===
[2026-08-09 19:40:19] --- cmd_resample_s=0.4 ---
Failed to import warp: No module named 'warp'
Failed to import mujoco_warp: No module named 'warp'
motion randomization overrides: {'cmd_resample_s': 0.4, 'cmd_vx_range': (0.0, 0.9), 'cmd_vy_range': (0.0, 0.6), 'cmd_yaw_range': (0.0, 1.5), 'disturb_rate_hz': 1.2}
collector: 9 filtered joints, 8 IMUs, 8 contacts, 4 off-path joints, dt=0.001 (1000 Hz)  [built in 0.8s]
collecting N=8 pool, terrains=['flat', 'hard_stepping'], 2 rollouts of 42.0s -> /home/llibshutz/alex/invariant-estimation/data
  flat/seed900: spawn=(-2.9,-1.9)m yaw=+106deg  2s settle + 42s walk -> T=44000 ticks
    travelled=2.4m  tilt_max=8.4deg  wall: sim=2.7s read=7.8s fused=96.3s (2.43 s/sim-s)
    -> /home/llibshutz/alex/invariant-estimation/data/flat_probe0.4_seed900.npz  (96 MB)
  [1/2] flat/seed900 OK (163s, mu=0.66)
  hard_stepping/seed901: spawn=(+2.7,+1.6)m yaw=-8deg  2s settle + 42s walk -> T=44000 ticks
    travelled=2.5m  tilt_max=8.4deg  wall: sim=4.3s read=9.8s fused=74.0s (2.00 s/sim-s)
    -> /home/llibshutz/alex/invariant-estimation/data/hard_stepping_probe0.4_seed901.npz  (96 MB)
  [2/2] hard_stepping/seed901 OK (95s, mu=0.56)
{
  "flat": {
    "ok": 1,
    "failed": 0
  },
  "hard_stepping": {
    "ok": 1,
    "failed": 0
  }
}
-> /home/llibshutz/alex/invariant-estimation/data/dr_pool_n8_summary.json  (2 ok, 0 fell, 4 min)
[2026-08-09 19:44:42] --- cmd_resample_s=0.4: 2/2 rollouts survived ---
[2026-08-09 19:44:42] --- cmd_resample_s=0.8 ---
Failed to import warp: No module named 'warp'
Failed to import mujoco_warp: No module named 'warp'
motion randomization overrides: {'cmd_resample_s': 0.8, 'cmd_vx_range': (0.0, 0.9), 'cmd_vy_range': (0.0, 0.6), 'cmd_yaw_range': (0.0, 1.5), 'disturb_rate_hz': 1.2}
collector: 9 filtered joints, 8 IMUs, 8 contacts, 4 off-path joints, dt=0.001 (1000 Hz)  [built in 0.8s]
collecting N=8 pool, terrains=['flat', 'hard_stepping'], 2 rollouts of 42.0s -> /home/llibshutz/alex/invariant-estimation/data
  flat/seed900: spawn=(-2.9,-1.9)m yaw=+106deg  2s settle + 42s walk -> T=44000 ticks
    travelled=1.1m  tilt_max=9.1deg  wall: sim=2.7s read=7.9s fused=101.4s (2.55 s/sim-s)
    -> /home/llibshutz/alex/invariant-estimation/data/flat_probe0.8_seed900.npz  (96 MB)
  [1/2] flat/seed900 OK (169s, mu=0.66)
  hard_stepping/seed901: spawn=(+2.7,+1.6)m yaw=-8deg  2s settle + 42s walk -> T=44000 ticks
    travelled=6.3m  tilt_max=10.1deg  wall: sim=4.4s read=9.9s fused=77.4s (2.08 s/sim-s)
    -> /home/llibshutz/alex/invariant-estimation/data/hard_stepping_probe0.8_seed901.npz  (96 MB)
  [2/2] hard_stepping/seed901 OK (102s, mu=0.56)
{
  "flat": {
    "ok": 1,
    "failed": 0
  },
  "hard_stepping": {
    "ok": 1,
    "failed": 0
  }
}
-> /home/llibshutz/alex/invariant-estimation/data/dr_pool_n8_summary.json  (2 ok, 0 fell, 5 min)
[2026-08-09 19:49:17] --- cmd_resample_s=0.8: 2/2 rollouts survived ---
[2026-08-09 19:49:17] === survivability summary ===
[2026-08-09 19:49:17]   cmd_resample_s=0.4: 2/2 survived
[2026-08-09 19:49:17]   cmd_resample_s=0.8: 2/2 survived
[2026-08-09 19:49:17] Pick the FASTEST period that survives all seeds; it is the one that breaks the
[2026-08-09 19:49:17] stride clock hardest while still yielding data. If none survive, the command
[2026-08-09 19:49:17] schedule -- not the horizon and not the loss -- is the binding constraint on
[2026-08-09 19:49:17] what this policy can generate, and the answer is a different policy, not a
[2026-08-09 19:49:17] different Sigma_C.
[2026-08-09 19:49:17] stage 2b: collecting 'n8rand' at cmd_resample_s=0.4 (stride is ~1.0 s)
Failed to import warp: No module named 'warp'
Failed to import mujoco_warp: No module named 'warp'
motion randomization overrides: {'cmd_resample_s': 0.4, 'cmd_vx_range': (0.0, 0.9), 'cmd_vy_range': (0.0, 0.6), 'cmd_yaw_range': (0.0, 1.5), 'disturb_rate_hz': 1.2}
collector: 9 filtered joints, 8 IMUs, 8 contacts, 4 off-path joints, dt=0.001 (1000 Hz)  [built in 0.8s]
collecting N=8 pool, terrains=['flat', 'waves', 'stepping_stones', 'hard_stepping'], 16 rollouts of 42.0s -> /home/llibshutz/alex/invariant-estimation/data
  flat/seed0: spawn=(+2.6,-2.8)m yaw=-153deg  2s settle + 42s walk -> T=44000 ticks
    travelled=0.7m  tilt_max=6.9deg  wall: sim=2.5s read=7.6s fused=100.8s (2.52 s/sim-s)
    -> /home/llibshutz/alex/invariant-estimation/data/flat_n8rand_seed000.npz  (96 MB)
  [1/16] flat/seed0 OK (169s, mu=0.97)
  waves/seed1: spawn=(+0.7,+1.5)m yaw=+80deg  2s settle + 42s walk -> T=44000 ticks
    travelled=2.6m  tilt_max=9.6deg  wall: sim=4.5s read=10.6s fused=77.1s (2.10 s/sim-s)
    -> /home/llibshutz/alex/invariant-estimation/data/waves_n8rand_seed001.npz  (96 MB)
  [2/16] waves/seed1 OK (99s, mu=0.74)
  stepping_stones/seed2: spawn=(+0.2,-2.2)m yaw=-95deg  2s settle + 42s walk -> T=44000 ticks
    travelled=1.6m  tilt_max=9.1deg  wall: sim=4.2s read=9.2s fused=77.1s (2.06 s/sim-s)
    -> /home/llibshutz/alex/invariant-estimation/data/stepping_stones_n8rand_seed002.npz  (96 MB)
  [3/16] stepping_stones/seed2 OK (98s, mu=0.48)
  hard_stepping/seed3: spawn=(-2.7,+1.2)m yaw=+23deg  2s settle + 42s walk -> T=44000 ticks
    travelled=3.7m  tilt_max=9.3deg  wall: sim=4.6s read=10.2s fused=77.1s (2.09 s/sim-s)
    -> /home/llibshutz/alex/invariant-estimation/data/hard_stepping_n8rand_seed003.npz  (96 MB)
  [4/16] hard_stepping/seed3 OK (99s, mu=0.58)
  flat/seed4: spawn=(-0.0,+2.3)m yaw=+132deg  2s settle + 42s walk -> T=44000 ticks
    travelled=4.0m  tilt_max=7.6deg  wall: sim=2.9s read=7.8s fused=77.7s (2.01 s/sim-s)
    -> /home/llibshutz/alex/invariant-estimation/data/flat_n8rand_seed004.npz  (96 MB)
  [5/16] flat/seed4 OK (95s, mu=0.47)
  waves/seed5: spawn=(-1.6,-1.9)m yaw=-115deg  2s settle + 42s walk -> T=44000 ticks
    travelled=3.5m  tilt_max=8.0deg  wall: sim=4.7s read=10.8s fused=76.9s (2.10 s/sim-s)
    -> /home/llibshutz/alex/invariant-estimation/data/waves_n8rand_seed005.npz  (96 MB)
  [6/16] waves/seed5 OK (99s, mu=0.94)
  stepping_stones/seed6: spawn=(+0.1,-0.5)m yaw=+150deg  2s settle + 42s walk -> T=44000 ticks
    travelled=1.0m  tilt_max=8.1deg  wall: sim=4.5s read=10.2s fused=77.2s (2.09 s/sim-s)
    -> /home/llibshutz/alex/invariant-estimation/data/stepping_stones_n8rand_seed006.npz  (96 MB)
  [7/16] stepping_stones/seed6 OK (99s, mu=1.05)
  hard_stepping/seed7: spawn=(-0.6,-1.9)m yaw=+179deg  2s settle + 42s walk -> T=44000 ticks
    travelled=0.8m  tilt_max=7.4deg  wall: sim=4.2s read=9.5s fused=76.6s (2.05 s/sim-s)
    -> /home/llibshutz/alex/invariant-estimation/data/hard_stepping_n8rand_seed007.npz  (96 MB)
  [8/16] hard_stepping/seed7 OK (97s, mu=0.62)
  flat/seed8: spawn=(+1.9,+0.6)m yaw=-169deg  2s settle + 42s walk -> T=44000 ticks
    travelled=3.7m  tilt_max=8.4deg  wall: sim=2.7s read=7.7s fused=77.2s (1.99 s/sim-s)
    -> /home/llibshutz/alex/invariant-estimation/data/flat_n8rand_seed008.npz  (96 MB)
  [9/16] flat/seed8 OK (94s, mu=0.82)
  waves/seed9: spawn=(+0.2,-2.6)m yaw=+49deg  2s settle + 42s walk -> T=44000 ticks
    travelled=2.8m  tilt_max=6.2deg  wall: sim=4.7s read=10.7s fused=76.6s (2.09 s/sim-s)
    -> /home/llibshutz/alex/invariant-estimation/data/waves_n8rand_seed009.npz  (96 MB)
  [10/16] waves/seed9 OK (99s, mu=0.68)
  stepping_stones/seed10: spawn=(+2.5,+2.4)m yaw=-122deg  2s settle + 42s walk -> T=44000 ticks
    travelled=2.1m  tilt_max=8.5deg  wall: sim=4.0s read=9.4s fused=77.2s (2.06 s/sim-s)
    -> /home/llibshutz/alex/invariant-estimation/data/stepping_stones_n8rand_seed010.npz  (96 MB)
  [11/16] stepping_stones/seed10 OK (98s, mu=0.52)
  hard_stepping/seed11: spawn=(-0.9,+0.1)m yaw=-52deg  2s settle + 42s walk -> T=44000 ticks
    travelled=2.6m  tilt_max=10.0deg  wall: sim=4.2s read=9.3s fused=77.0s (2.06 s/sim-s)
    -> /home/llibshutz/alex/invariant-estimation/data/hard_stepping_n8rand_seed011.npz  (96 MB)
  [12/16] hard_stepping/seed11 OK (97s, mu=0.47)
  flat/seed12: spawn=(-1.9,+1.8)m yaw=-42deg  2s settle + 42s walk -> T=44000 ticks
    travelled=2.3m  tilt_max=8.5deg  wall: sim=2.7s read=7.2s fused=77.4s (1.99 s/sim-s)
    -> /home/llibshutz/alex/invariant-estimation/data/flat_n8rand_seed012.npz  (96 MB)
  [13/16] flat/seed12 OK (94s, mu=0.50)
  waves/seed13: spawn=(-0.8,+0.9)m yaw=+58deg  2s settle + 42s walk -> T=44000 ticks
    travelled=4.4m  tilt_max=8.1deg  wall: sim=4.8s read=10.7s fused=77.8s (2.12 s/sim-s)
    -> /home/llibshutz/alex/invariant-estimation/data/waves_n8rand_seed013.npz  (96 MB)
  [14/16] waves/seed13 OK (100s, mu=0.84)
  stepping_stones/seed14: spawn=(-1.8,+1.4)m yaw=+114deg  2s settle + 42s walk -> T=44000 ticks
    travelled=0.4m  tilt_max=9.9deg  wall: sim=4.3s read=9.8s fused=78.2s (2.10 s/sim-s)
    -> /home/llibshutz/alex/invariant-estimation/data/stepping_stones_n8rand_seed014.npz  (96 MB)
  [15/16] stepping_stones/seed14 OK (99s, mu=0.49)
  hard_stepping/seed15: spawn=(-0.3,+3.0)m yaw=-143deg  2s settle + 42s walk -> T=44000 ticks
    travelled=2.4m  tilt_max=8.3deg  wall: sim=4.6s read=10.6s fused=78.1s (2.12 s/sim-s)
    -> /home/llibshutz/alex/invariant-estimation/data/hard_stepping_n8rand_seed015.npz  (96 MB)
  [16/16] hard_stepping/seed15 OK (100s, mu=0.82)
{
  "flat": {
    "ok": 4,
    "failed": 0
  },
  "waves": {
    "ok": 4,
    "failed": 0
  },
  "stepping_stones": {
    "ok": 4,
    "failed": 0
  },
  "hard_stepping": {
    "ok": 4,
    "failed": 0
  }
}
-> /home/llibshutz/alex/invariant-estimation/data/dr_pool_n8_summary.json  (16 ok, 0 fell, 27 min)
[2026-08-09 20:16:39] pool 'n8rand': 16 rollouts
[2026-08-09 20:16:39] stage 3: training A_l2vel (l2_velocity) at L=256 on the randomized pool
Failed to import warp: No module named 'warp'
Failed to import mujoco_warp: No module named 'warp'
== run directory: /home/llibshutz/alex/invariant-estimation/results/rand_motion/L256_A_l2vel ==
collector: 9 filtered joints, 8 IMUs, 8 contacts, 4 off-path joints, dt=0.001 (1000 Hz)  [built in 0.9s]
pool 'n8rand': 16 rollouts over {'flat': 4, 'hard_stepping': 4, 'stepping_stones': 4, 'waves': 4}
train rollouts: ['flat_n8rand_seed000.npz', 'flat_n8rand_seed004.npz', 'flat_n8rand_seed008.npz', 'hard_stepping_n8rand_seed003.npz', 'hard_stepping_n8rand_seed007.npz', 'hard_stepping_n8rand_seed011.npz', 'stepping_stones_n8rand_seed002.npz', 'stepping_stones_n8rand_seed006.npz', 'stepping_stones_n8rand_seed010.npz', 'waves_n8rand_seed001.npz', 'waves_n8rand_seed005.npz', 'waves_n8rand_seed009.npz']
val rollouts:   ['flat_n8rand_seed012.npz', 'hard_stepping_n8rand_seed015.npz', 'stepping_stones_n8rand_seed014.npz', 'waves_n8rand_seed013.npz']
== building channel caches ==
  cached flat_n8rand_seed000.npz: channels (44000, 8, 30), y_fk (44000, 8, 3) -> flat_n8rand_seed000_feat.npz (39 MB)
  cached flat_n8rand_seed004.npz: channels (44000, 8, 30), y_fk (44000, 8, 3) -> flat_n8rand_seed004_feat.npz (39 MB)
  cached flat_n8rand_seed008.npz: channels (44000, 8, 30), y_fk (44000, 8, 3) -> flat_n8rand_seed008_feat.npz (39 MB)
  cached hard_stepping_n8rand_seed003.npz: channels (44000, 8, 30), y_fk (44000, 8, 3) -> hard_stepping_n8rand_seed003_feat.npz (39 MB)
  cached hard_stepping_n8rand_seed007.npz: channels (44000, 8, 30), y_fk (44000, 8, 3) -> hard_stepping_n8rand_seed007_feat.npz (39 MB)
  cached hard_stepping_n8rand_seed011.npz: channels (44000, 8, 30), y_fk (44000, 8, 3) -> hard_stepping_n8rand_seed011_feat.npz (39 MB)
  cached stepping_stones_n8rand_seed002.npz: channels (44000, 8, 30), y_fk (44000, 8, 3) -> stepping_stones_n8rand_seed002_feat.npz (39 MB)
  cached stepping_stones_n8rand_seed006.npz: channels (44000, 8, 30), y_fk (44000, 8, 3) -> stepping_stones_n8rand_seed006_feat.npz (39 MB)
  cached stepping_stones_n8rand_seed010.npz: channels (44000, 8, 30), y_fk (44000, 8, 3) -> stepping_stones_n8rand_seed010_feat.npz (39 MB)
  cached waves_n8rand_seed001.npz: channels (44000, 8, 30), y_fk (44000, 8, 3) -> waves_n8rand_seed001_feat.npz (39 MB)
  cached waves_n8rand_seed005.npz: channels (44000, 8, 30), y_fk (44000, 8, 3) -> waves_n8rand_seed005_feat.npz (39 MB)
  cached waves_n8rand_seed009.npz: channels (44000, 8, 30), y_fk (44000, 8, 3) -> waves_n8rand_seed009_feat.npz (39 MB)
  cached flat_n8rand_seed012.npz: channels (44000, 8, 30), y_fk (44000, 8, 3) -> flat_n8rand_seed012_feat.npz (39 MB)
  cached hard_stepping_n8rand_seed015.npz: channels (44000, 8, 30), y_fk (44000, 8, 3) -> hard_stepping_n8rand_seed015_feat.npz (39 MB)
  cached stepping_stones_n8rand_seed014.npz: channels (44000, 8, 30), y_fk (44000, 8, 3) -> stepping_stones_n8rand_seed014_feat.npz (39 MB)
  cached waves_n8rand_seed013.npz: channels (44000, 8, 30), y_fk (44000, 8, 3) -> waves_n8rand_seed013_feat.npz (39 MB)
== fitting normalization (train, walking set) ==
  floored channels: []
  cfg: F=30 d_in=600 H=20 (window 19 ms, consecutive ticks) L=256 B=32 objective=l2_velocity episode_s=43.0
== preparing rollouts ==
  prepared flat/seed0: T=44000, starts=[16019, 43744] (27726 legal)
  prepared flat/seed4: T=44000, starts=[16019, 43744] (27726 legal)
  prepared flat/seed8: T=44000, starts=[16019, 43744] (27726 legal)
  prepared hard_stepping/seed3: T=44000, starts=[16019, 43744] (27726 legal)
  prepared hard_stepping/seed7: T=44000, starts=[16019, 43744] (27726 legal)
  prepared hard_stepping/seed11: T=44000, starts=[16019, 43744] (27726 legal)
  prepared stepping_stones/seed2: T=44000, starts=[16019, 43744] (27726 legal)
  prepared stepping_stones/seed6: T=44000, starts=[16019, 43744] (27726 legal)
  prepared stepping_stones/seed10: T=44000, starts=[16019, 43744] (27726 legal)
  prepared waves/seed1: T=44000, starts=[16019, 43744] (27726 legal)
  prepared waves/seed5: T=44000, starts=[16019, 43744] (27726 legal)
  prepared waves/seed9: T=44000, starts=[16019, 43744] (27726 legal)
  prepared flat/seed12: T=44000, starts=[16019, 43744] (27726 legal)
  prepared hard_stepping/seed15: T=44000, starts=[16019, 43744] (27726 legal)
  prepared stepping_stones/seed14: T=44000, starts=[16019, 43744] (27726 legal)
  prepared waves/seed13: T=44000, starts=[16019, 43744] (27726 legal)
== re-flooring contact measurement noise: pool collected at 0, training at 0.0001 (delta +0.0001 on diag(sigma_q)) ==
== measuring P0 ==
  P0 from flat/seed0 ticks [16019, 19019): diag(R)=[6.79595063e-05 6.95500321e-05 1.00028024e+00], diag(v)=[0.00087308 0.00086168 0.00019664], diag(p)=[0.12085103 0.11852565 0.11967487], diag(d)=[0.12085059 0.11852473 0.11967518 0.12084845 0.11852462 0.11967535
 0.12084997 0.11852574 0.11967485 0.12084814 0.1185257  0.11967506
 0.12091279 0.11858935 0.11968974 0.12091426 0.11858941 0.11968824
 0.12092024 0.11860034 0.11968205 0.12092167 0.11860046 0.11968046], eig in [1.016e-07, 1.089e+00]
== building network + batcher ==
== training ==
step    0 loss 2.34783e-01 |g| 7.05e-01 NIS/dof 5.655e+00 applied 1.00 reseeds 1
step   10 loss 5.33163e-01 |g| 7.15e+01 NIS/dof 6.060e+00 applied 1.00 reseeds 4
step   20 loss 3.94110e-01 |g| 1.80e+01 NIS/dof 5.308e+00 applied 1.00 reseeds 5
step   30 loss 3.63677e-01 |g| 1.74e+01 NIS/dof 4.029e+00 applied 1.00 reseeds 16
step   40 loss 4.01589e-01 |g| 4.30e+00 NIS/dof 3.835e+00 applied 1.00 reseeds 21
step   50 loss 5.15361e-01 |g| 3.42e+00 NIS/dof 4.001e+00 applied 1.00 reseeds 26
step   60 loss 4.21113e-01 |g| 9.09e-01 NIS/dof 4.606e+00 applied 1.00 reseeds 29
step   70 loss 3.26529e-01 |g| 1.62e+00 NIS/dof 2.998e+00 applied 1.00 reseeds 34
step   80 loss 3.95767e-01 |g| 2.15e+00 NIS/dof 3.278e+00 applied 1.00 reseeds 38
step   90 loss 2.88997e-01 |g| 1.25e+00 NIS/dof 2.901e+00 applied 1.00 reseeds 44
step  100 loss 2.77597e-01 |g| 8.21e-01 NIS/dof 3.445e+00 applied 1.00 reseeds 57
step  110 loss 4.40658e-01 |g| 1.37e+00 NIS/dof 3.623e+00 applied 1.00 reseeds 67
step  120 loss 2.64880e-01 |g| 1.09e+00 NIS/dof 2.198e+00 applied 1.00 reseeds 79
step  130 loss 3.80773e-01 |g| 1.86e+00 NIS/dof 4.117e+00 applied 1.00 reseeds 85
step  140 loss 3.28058e-01 |g| 1.58e+00 NIS/dof 3.374e+00 applied 1.00 reseeds 91
step  150 loss 4.40819e-01 |g| 3.97e+00 NIS/dof 4.416e+00 applied 1.00 reseeds 96
step  160 loss 5.17236e-01 |g| 2.13e+00 NIS/dof 4.437e+00 applied 1.00 reseeds 97
step  170 loss 4.32046e-01 |g| 4.13e+00 NIS/dof 4.311e+00 applied 1.00 reseeds 102
step  180 loss 2.63528e-01 |g| 1.88e+00 NIS/dof 2.866e+00 applied 1.00 reseeds 110
step  190 loss 3.80465e-01 |g| 2.98e+00 NIS/dof 4.593e+00 applied 1.00 reseeds 115
step  200 loss 2.08454e-01 |g| 1.44e+00 NIS/dof 2.264e+00 applied 1.00 reseeds 125
step  210 loss 3.39032e-01 |g| 3.13e+00 NIS/dof 3.379e+00 applied 1.00 reseeds 136
step  220 loss 3.46064e-01 |g| 1.16e+01 NIS/dof 4.170e+00 applied 1.00 reseeds 143
step  230 loss 3.05457e-01 |g| 2.82e+00 NIS/dof 3.369e+00 applied 1.00 reseeds 148
step  240 loss 3.84347e-01 |g| 3.91e+00 NIS/dof 4.176e+00 applied 1.00 reseeds 152
step  250 loss 3.11084e-01 |g| 4.85e+00 NIS/dof 4.456e+00 applied 1.00 reseeds 159
step  260 loss 3.69525e-01 |g| 4.01e+00 NIS/dof 3.194e+00 applied 1.00 reseeds 162
step  270 loss 3.28105e-01 |g| 4.60e+00 NIS/dof 3.875e+00 applied 1.00 reseeds 170
step  280 loss 2.48322e-01 |g| 2.49e+00 NIS/dof 2.682e+00 applied 1.00 reseeds 177
step  290 loss 3.24442e-01 |g| 2.82e+00 NIS/dof 4.546e+00 applied 1.00 reseeds 187
step  300 loss 2.91895e-01 |g| 2.89e+00 NIS/dof 3.634e+00 applied 1.00 reseeds 192
step  310 loss 2.56197e-01 |g| 2.67e+00 NIS/dof 3.330e+00 applied 1.00 reseeds 196
step  320 loss 2.39672e-01 |g| 2.47e+00 NIS/dof 3.265e+00 applied 1.00 reseeds 202
step  330 loss 3.07375e-01 |g| 2.73e+00 NIS/dof 3.300e+00 applied 1.00 reseeds 210
step  340 loss 2.66447e-01 |g| 6.13e+00 NIS/dof 3.301e+00 applied 1.00 reseeds 218
step  350 loss 3.90388e-01 |g| 3.78e+00 NIS/dof 4.517e+00 applied 1.00 reseeds 222
step  360 loss 3.76878e-01 |g| 3.54e+00 NIS/dof 4.367e+00 applied 1.00 reseeds 233
step  370 loss 2.06149e-01 |g| 2.39e+00 NIS/dof 3.331e+00 applied 1.00 reseeds 239
step  380 loss 3.84037e-01 |g| 1.31e+01 NIS/dof 4.758e+00 applied 1.00 reseeds 247
step  390 loss 1.38146e-01 |g| 2.49e+00 NIS/dof 2.518e+00 applied 1.00 reseeds 254
step  400 loss 2.56124e-01 |g| 4.05e+00 NIS/dof 2.956e+00 applied 1.00 reseeds 260
step  410 loss 3.00817e-01 |g| 7.31e+00 NIS/dof 4.160e+00 applied 1.00 reseeds 266
step  420 loss 2.34950e-01 |g| 1.17e+01 NIS/dof 3.451e+00 applied 1.00 reseeds 275
step  430 loss 1.89444e-01 |g| 1.36e+01 NIS/dof 2.555e+00 applied 1.00 reseeds 278
step  440 loss 1.06815e-01 |g| 1.38e+01 NIS/dof 2.539e+00 applied 1.00 reseeds 289
step  450 loss 1.29359e-01 |g| 3.86e+00 NIS/dof 2.331e+00 applied 1.00 reseeds 293
step  460 loss 1.39059e-01 |g| 9.58e+00 NIS/dof 2.207e+00 applied 1.00 reseeds 297
step  470 loss 1.01663e-01 |g| 3.46e+00 NIS/dof 1.707e+00 applied 1.00 reseeds 306
step  480 loss 1.01530e-01 |g| 1.13e+01 NIS/dof 1.710e+00 applied 1.00 reseeds 309
step  490 loss 1.19976e-01 |g| 4.76e+00 NIS/dof 1.740e+00 applied 1.00 reseeds 314
step  500 loss 8.52250e-02 |g| 3.32e+00 NIS/dof 1.800e+00 applied 1.00 reseeds 323
step  510 loss 7.35160e-02 |g| 4.18e+00 NIS/dof 1.685e+00 applied 1.00 reseeds 329
step  520 loss 6.44019e-02 |g| 1.98e+00 NIS/dof 1.561e+00 applied 1.00 reseeds 334
step  530 loss 6.76321e-02 |g| 2.57e+00 NIS/dof 1.512e+00 applied 1.00 reseeds 338
step  540 loss 6.38568e-02 |g| 2.77e+00 NIS/dof 1.249e+00 applied 1.00 reseeds 343
step  550 loss 7.41641e-02 |g| 5.56e+00 NIS/dof 1.333e+00 applied 1.00 reseeds 350
step  560 loss 5.83805e-02 |g| 9.37e+00 NIS/dof 1.168e+00 applied 1.00 reseeds 357
step  570 loss 4.41233e-02 |g| 1.20e+00 NIS/dof 1.099e+00 applied 1.00 reseeds 367
step  580 loss 4.27899e-02 |g| 4.16e+00 NIS/dof 9.607e-01 applied 1.00 reseeds 375
step  590 loss 3.47721e-02 |g| 3.35e+00 NIS/dof 9.826e-01 applied 1.00 reseeds 381
step  600 loss 2.24821e-02 |g| 8.58e-01 NIS/dof 7.058e-01 applied 1.00 reseeds 386
step  610 loss 4.11135e-02 |g| 2.31e+00 NIS/dof 7.866e-01 applied 1.00 reseeds 390
step  620 loss 2.51965e-02 |g| 8.87e-01 NIS/dof 6.394e-01 applied 1.00 reseeds 398
step  630 loss 2.58961e-02 |g| 7.41e-01 NIS/dof 5.098e-01 applied 1.00 reseeds 405
step  640 loss 2.42030e-02 |g| 1.73e+00 NIS/dof 5.778e-01 applied 1.00 reseeds 411
step  650 loss 2.75035e-02 |g| 6.11e-01 NIS/dof 5.791e-01 applied 1.00 reseeds 419
step  660 loss 2.18582e-02 |g| 4.99e-01 NIS/dof 3.986e-01 applied 1.00 reseeds 429
step  670 loss 9.23704e-03 |g| 2.71e-01 NIS/dof 2.658e-01 applied 1.00 reseeds 433
step  680 loss 1.59990e-02 |g| 8.57e-01 NIS/dof 4.099e-01 applied 1.00 reseeds 438
step  690 loss 1.57088e-02 |g| 4.70e-01 NIS/dof 3.900e-01 applied 1.00 reseeds 444
step  700 loss 1.76997e-02 |g| 3.96e-01 NIS/dof 4.542e-01 applied 1.00 reseeds 447
step  710 loss 1.20737e-02 |g| 3.31e-01 NIS/dof 2.890e-01 applied 1.00 reseeds 452
step  720 loss 1.01549e-02 |g| 2.12e-01 NIS/dof 2.857e-01 applied 1.00 reseeds 456
step  730 loss 1.93346e-02 |g| 4.32e-01 NIS/dof 3.701e-01 applied 1.00 reseeds 467
step  740 loss 1.28673e-02 |g| 2.89e-01 NIS/dof 2.933e-01 applied 1.00 reseeds 477
step  750 loss 8.74644e-03 |g| 3.24e-01 NIS/dof 3.084e-01 applied 1.00 reseeds 487
step  760 loss 7.63077e-03 |g| 3.41e-01 NIS/dof 2.465e-01 applied 1.00 reseeds 490
step  770 loss 1.04239e-02 |g| 2.92e-01 NIS/dof 2.346e-01 applied 1.00 reseeds 498
step  780 loss 9.25153e-03 |g| 2.91e-01 NIS/dof 2.055e-01 applied 1.00 reseeds 502
step  790 loss 8.62030e-03 |g| 3.91e-01 NIS/dof 2.761e-01 applied 1.00 reseeds 507
step  800 loss 8.67777e-03 |g| 1.63e-01 NIS/dof 2.338e-01 applied 1.00 reseeds 512
step  810 loss 8.26750e-03 |g| 3.34e-01 NIS/dof 2.595e-01 applied 1.00 reseeds 519
step  820 loss 9.55558e-03 |g| 2.64e-01 NIS/dof 2.069e-01 applied 1.00 reseeds 524
step  830 loss 9.88598e-03 |g| 2.28e-01 NIS/dof 2.604e-01 applied 1.00 reseeds 530
step  840 loss 1.00763e-02 |g| 1.95e-01 NIS/dof 2.819e-01 applied 1.00 reseeds 537
step  850 loss 7.85343e-03 |g| 1.67e-01 NIS/dof 2.438e-01 applied 1.00 reseeds 543
step  860 loss 8.63588e-03 |g| 5.33e-01 NIS/dof 1.824e-01 applied 1.00 reseeds 547
step  870 loss 7.37199e-03 |g| 1.58e-01 NIS/dof 2.171e-01 applied 1.00 reseeds 553
step  880 loss 7.14376e-03 |g| 1.66e-01 NIS/dof 2.429e-01 applied 1.00 reseeds 557
step  890 loss 5.33487e-03 |g| 1.44e-01 NIS/dof 2.167e-01 applied 1.00 reseeds 564
step  900 loss 8.13744e-03 |g| 2.76e-01 NIS/dof 2.186e-01 applied 1.00 reseeds 572
step  910 loss 5.90802e-03 |g| 1.51e-01 NIS/dof 1.535e-01 applied 1.00 reseeds 578
step  920 loss 6.81278e-03 |g| 2.20e-01 NIS/dof 1.656e-01 applied 1.00 reseeds 584
step  930 loss 6.97573e-03 |g| 1.44e-01 NIS/dof 2.689e-01 applied 1.00 reseeds 589
step  940 loss 6.56620e-03 |g| 9.84e-02 NIS/dof 1.970e-01 applied 1.00 reseeds 596
step  950 loss 5.64119e-03 |g| 9.83e-02 NIS/dof 1.724e-01 applied 1.00 reseeds 601
step  960 loss 5.66468e-03 |g| 2.72e-01 NIS/dof 1.908e-01 applied 1.00 reseeds 607
step  970 loss 5.26101e-03 |g| 1.18e-01 NIS/dof 1.730e-01 applied 1.00 reseeds 610
step  980 loss 6.05031e-03 |g| 2.04e-01 NIS/dof 1.627e-01 applied 1.00 reseeds 619
step  990 loss 7.13611e-03 |g| 2.86e-01 NIS/dof 2.165e-01 applied 1.00 reseeds 625
step 1000 loss 5.84921e-03 |g| 1.81e-01 NIS/dof 1.957e-01 applied 1.00 reseeds 632
step 1010 loss 5.46246e-03 |g| 1.17e-01 NIS/dof 1.808e-01 applied 1.00 reseeds 636
step 1020 loss 5.07666e-03 |g| 1.34e-01 NIS/dof 2.148e-01 applied 1.00 reseeds 641
step 1030 loss 5.68236e-03 |g| 1.62e-01 NIS/dof 2.025e-01 applied 1.00 reseeds 645
step 1040 loss 5.22310e-03 |g| 1.25e-01 NIS/dof 2.411e-01 applied 1.00 reseeds 650
step 1050 loss 6.18662e-03 |g| 1.34e-01 NIS/dof 1.688e-01 applied 1.00 reseeds 660
step 1060 loss 5.55803e-03 |g| 1.70e-01 NIS/dof 1.772e-01 applied 1.00 reseeds 664
step 1070 loss 5.47855e-03 |g| 2.09e-01 NIS/dof 1.480e-01 applied 1.00 reseeds 671
step 1080 loss 5.85812e-03 |g| 1.65e-01 NIS/dof 1.908e-01 applied 1.00 reseeds 680
step 1090 loss 4.82697e-03 |g| 1.16e-01 NIS/dof 1.638e-01 applied 1.00 reseeds 683
step 1100 loss 5.67968e-03 |g| 1.35e-01 NIS/dof 1.734e-01 applied 1.00 reseeds 693
step 1110 loss 6.89864e-03 |g| 1.93e-01 NIS/dof 2.103e-01 applied 1.00 reseeds 700
step 1120 loss 6.92297e-03 |g| 1.48e-01 NIS/dof 1.693e-01 applied 1.00 reseeds 708
step 1130 loss 4.78591e-03 |g| 1.17e-01 NIS/dof 1.841e-01 applied 1.00 reseeds 713
step 1140 loss 8.40824e-03 |g| 4.15e-01 NIS/dof 2.322e-01 applied 1.00 reseeds 721
step 1150 loss 4.27647e-03 |g| 1.91e-01 NIS/dof 1.544e-01 applied 1.00 reseeds 729
step 1160 loss 4.22919e-03 |g| 2.02e-01 NIS/dof 1.314e-01 applied 1.00 reseeds 734
step 1170 loss 5.35691e-03 |g| 1.37e-01 NIS/dof 1.825e-01 applied 1.00 reseeds 740
step 1180 loss 5.07160e-03 |g| 9.67e-02 NIS/dof 1.764e-01 applied 1.00 reseeds 745
step 1190 loss 4.91973e-03 |g| 1.63e-01 NIS/dof 1.668e-01 applied 1.00 reseeds 751
step 1200 loss 4.39631e-03 |g| 6.11e-02 NIS/dof 1.573e-01 applied 1.00 reseeds 754
step 1210 loss 4.35566e-03 |g| 8.73e-02 NIS/dof 1.366e-01 applied 1.00 reseeds 760
step 1220 loss 5.69385e-03 |g| 2.18e-01 NIS/dof 1.681e-01 applied 1.00 reseeds 765
step 1230 loss 3.68505e-03 |g| 1.06e-01 NIS/dof 1.276e-01 applied 1.00 reseeds 770
step 1240 loss 4.28852e-03 |g| 2.47e-01 NIS/dof 1.702e-01 applied 1.00 reseeds 777
step 1250 loss 6.79890e-03 |g| 4.06e-01 NIS/dof 2.138e-01 applied 1.00 reseeds 785
step 1260 loss 3.69589e-03 |g| 1.05e-01 NIS/dof 1.301e-01 applied 1.00 reseeds 793
step 1270 loss 4.28668e-03 |g| 1.21e-01 NIS/dof 1.587e-01 applied 1.00 reseeds 796
step 1280 loss 4.69077e-03 |g| 9.53e-02 NIS/dof 1.361e-01 applied 1.00 reseeds 803
step 1290 loss 4.87372e-03 |g| 1.10e-01 NIS/dof 1.422e-01 applied 1.00 reseeds 806
step 1300 loss 4.72864e-03 |g| 1.23e-01 NIS/dof 1.583e-01 applied 1.00 reseeds 813
step 1310 loss 5.49882e-03 |g| 2.15e-01 NIS/dof 1.844e-01 applied 1.00 reseeds 821
step 1320 loss 4.22018e-03 |g| 9.76e-02 NIS/dof 1.375e-01 applied 1.00 reseeds 826
step 1330 loss 3.82813e-03 |g| 9.88e-02 NIS/dof 1.668e-01 applied 1.00 reseeds 832
step 1340 loss 4.30483e-03 |g| 1.36e-01 NIS/dof 1.518e-01 applied 1.00 reseeds 841
step 1350 loss 4.04720e-03 |g| 7.73e-02 NIS/dof 1.607e-01 applied 1.00 reseeds 845
step 1360 loss 4.00243e-03 |g| 6.63e-02 NIS/dof 1.069e-01 applied 1.00 reseeds 854
step 1370 loss 4.74784e-03 |g| 7.58e-02 NIS/dof 1.737e-01 applied 1.00 reseeds 861
step 1380 loss 3.41585e-03 |g| 9.14e-02 NIS/dof 1.208e-01 applied 1.00 reseeds 869
step 1390 loss 4.87387e-03 |g| 1.46e-01 NIS/dof 1.651e-01 applied 1.00 reseeds 876
step 1400 loss 4.04830e-03 |g| 1.15e-01 NIS/dof 1.351e-01 applied 1.00 reseeds 882
step 1410 loss 4.36716e-03 |g| 1.15e-01 NIS/dof 1.701e-01 applied 1.00 reseeds 888
step 1420 loss 3.20850e-03 |g| 5.95e-02 NIS/dof 1.160e-01 applied 1.00 reseeds 893
step 1430 loss 4.86289e-03 |g| 1.30e-01 NIS/dof 1.732e-01 applied 1.00 reseeds 896
step 1440 loss 3.20447e-03 |g| 1.45e-01 NIS/dof 1.208e-01 applied 1.00 reseeds 903
step 1450 loss 4.46912e-03 |g| 1.19e-01 NIS/dof 1.572e-01 applied 1.00 reseeds 912
step 1460 loss 4.38135e-03 |g| 1.38e-01 NIS/dof 1.150e-01 applied 1.00 reseeds 918
step 1470 loss 2.96499e-03 |g| 1.21e-01 NIS/dof 1.703e-01 applied 1.00 reseeds 921
step 1480 loss 4.64241e-03 |g| 1.19e-01 NIS/dof 1.365e-01 applied 1.00 reseeds 930
step 1490 loss 3.24507e-03 |g| 9.76e-02 NIS/dof 1.523e-01 applied 1.00 reseeds 936
step 1500 loss 3.46122e-03 |g| 1.04e-01 NIS/dof 1.954e-01 applied 1.00 reseeds 946
step 1510 loss 3.89852e-03 |g| 2.11e-01 NIS/dof 1.231e-01 applied 1.00 reseeds 951
step 1520 loss 3.72335e-03 |g| 7.77e-02 NIS/dof 1.418e-01 applied 1.00 reseeds 960
step 1530 loss 3.77228e-03 |g| 1.43e-01 NIS/dof 1.371e-01 applied 1.00 reseeds 962
step 1540 loss 5.82402e-03 |g| 1.28e-01 NIS/dof 1.692e-01 applied 1.00 reseeds 968
step 1550 loss 4.08447e-03 |g| 1.03e-01 NIS/dof 1.271e-01 applied 1.00 reseeds 976
step 1560 loss 3.03787e-03 |g| 9.84e-02 NIS/dof 1.255e-01 applied 1.00 reseeds 979
step 1570 loss 3.65832e-03 |g| 1.04e-01 NIS/dof 1.378e-01 applied 1.00 reseeds 984
step 1580 loss 5.01308e-03 |g| 1.23e-01 NIS/dof 1.437e-01 applied 1.00 reseeds 989
step 1590 loss 4.07663e-03 |g| 1.35e-01 NIS/dof 1.306e-01 applied 1.00 reseeds 992
step 1600 loss 3.36487e-03 |g| 2.82e-01 NIS/dof 1.459e-01 applied 1.00 reseeds 998
step 1610 loss 3.84731e-03 |g| 1.32e-01 NIS/dof 1.238e-01 applied 1.00 reseeds 1001
step 1620 loss 3.70665e-03 |g| 1.24e-01 NIS/dof 1.848e-01 applied 1.00 reseeds 1010
step 1630 loss 3.90280e-03 |g| 1.26e-01 NIS/dof 1.320e-01 applied 1.00 reseeds 1015
step 1640 loss 3.85278e-03 |g| 5.48e-02 NIS/dof 9.286e-02 applied 1.00 reseeds 1024
step 1650 loss 5.11888e-03 |g| 1.07e-01 NIS/dof 1.388e-01 applied 1.00 reseeds 1030
step 1660 loss 2.89737e-03 |g| 8.73e-02 NIS/dof 1.497e-01 applied 1.00 reseeds 1040
step 1670 loss 3.76026e-03 |g| 8.64e-02 NIS/dof 1.635e-01 applied 1.00 reseeds 1045
step 1680 loss 3.41951e-03 |g| 9.46e-02 NIS/dof 1.283e-01 applied 1.00 reseeds 1050
step 1690 loss 2.83223e-03 |g| 6.69e-02 NIS/dof 1.201e-01 applied 1.00 reseeds 1052
step 1700 loss 4.00191e-03 |g| 5.25e-02 NIS/dof 1.304e-01 applied 1.00 reseeds 1064
step 1710 loss 4.61270e-03 |g| 1.23e-01 NIS/dof 1.756e-01 applied 1.00 reseeds 1065
step 1720 loss 4.59086e-03 |g| 8.58e-02 NIS/dof 1.635e-01 applied 1.00 reseeds 1070
step 1730 loss 3.47048e-03 |g| 8.87e-02 NIS/dof 1.719e-01 applied 1.00 reseeds 1076
step 1740 loss 3.96716e-03 |g| 1.74e-01 NIS/dof 1.589e-01 applied 1.00 reseeds 1084
step 1750 loss 3.96945e-03 |g| 1.55e-01 NIS/dof 1.722e-01 applied 1.00 reseeds 1088
step 1760 loss 2.89435e-03 |g| 1.53e-01 NIS/dof 1.438e-01 applied 1.00 reseeds 1095
step 1770 loss 3.11279e-03 |g| 9.08e-02 NIS/dof 1.198e-01 applied 1.00 reseeds 1101
step 1780 loss 3.88593e-03 |g| 7.19e-02 NIS/dof 1.245e-01 applied 1.00 reseeds 1109
step 1790 loss 3.46952e-03 |g| 1.32e-01 NIS/dof 1.423e-01 applied 1.00 reseeds 1114
step 1800 loss 3.08173e-03 |g| 8.26e-02 NIS/dof 1.418e-01 applied 1.00 reseeds 1124
step 1810 loss 4.22181e-03 |g| 1.34e-01 NIS/dof 1.536e-01 applied 1.00 reseeds 1129
step 1820 loss 3.62322e-03 |g| 6.63e-02 NIS/dof 1.487e-01 applied 1.00 reseeds 1136
step 1830 loss 4.41257e-03 |g| 1.79e-01 NIS/dof 1.640e-01 applied 1.00 reseeds 1144
step 1840 loss 3.38848e-03 |g| 9.40e-02 NIS/dof 1.606e-01 applied 1.00 reseeds 1149
step 1850 loss 4.44582e-03 |g| 1.34e-01 NIS/dof 1.331e-01 applied 1.00 reseeds 1154
step 1860 loss 2.99469e-03 |g| 1.40e-01 NIS/dof 1.009e-01 applied 1.00 reseeds 1159
step 1870 loss 3.06460e-03 |g| 9.64e-02 NIS/dof 1.093e-01 applied 1.00 reseeds 1165
step 1880 loss 4.48108e-03 |g| 1.20e-01 NIS/dof 1.396e-01 applied 1.00 reseeds 1172
step 1890 loss 3.60999e-03 |g| 6.16e-02 NIS/dof 1.263e-01 applied 1.00 reseeds 1177
step 1900 loss 3.97879e-03 |g| 9.31e-02 NIS/dof 1.574e-01 applied 1.00 reseeds 1182
step 1910 loss 3.79436e-03 |g| 1.08e-01 NIS/dof 1.292e-01 applied 1.00 reseeds 1184
step 1920 loss 3.67902e-03 |g| 1.21e-01 NIS/dof 1.504e-01 applied 1.00 reseeds 1194
step 1930 loss 4.23034e-03 |g| 1.42e-01 NIS/dof 1.428e-01 applied 1.00 reseeds 1202
step 1940 loss 3.51493e-03 |g| 1.05e-01 NIS/dof 1.481e-01 applied 1.00 reseeds 1206
step 1950 loss 3.52158e-03 |g| 1.43e-01 NIS/dof 1.341e-01 applied 1.00 reseeds 1209
step 1960 loss 2.87573e-03 |g| 7.91e-02 NIS/dof 1.189e-01 applied 1.00 reseeds 1217
step 1970 loss 3.40695e-03 |g| 6.70e-02 NIS/dof 1.256e-01 applied 1.00 reseeds 1224
step 1980 loss 4.74778e-03 |g| 1.79e-01 NIS/dof 1.568e-01 applied 1.00 reseeds 1230
step 1990 loss 3.26368e-03 |g| 1.01e-01 NIS/dof 1.098e-01 applied 1.00 reseeds 1233
step 2000 loss 3.80859e-03 |g| 8.71e-02 NIS/dof 1.269e-01 applied 1.00 reseeds 1240
step 2010 loss 3.43814e-03 |g| 1.09e-01 NIS/dof 1.241e-01 applied 1.00 reseeds 1244
step 2020 loss 3.77976e-03 |g| 1.42e-01 NIS/dof 1.377e-01 applied 1.00 reseeds 1251
step 2030 loss 3.83986e-03 |g| 1.07e-01 NIS/dof 1.824e-01 applied 1.00 reseeds 1260
step 2040 loss 2.77901e-03 |g| 6.38e-02 NIS/dof 1.457e-01 applied 1.00 reseeds 1267
step 2050 loss 3.52357e-03 |g| 9.59e-02 NIS/dof 1.308e-01 applied 1.00 reseeds 1274
step 2060 loss 3.72055e-03 |g| 8.95e-02 NIS/dof 1.315e-01 applied 1.00 reseeds 1276
step 2070 loss 3.01975e-03 |g| 6.55e-02 NIS/dof 9.393e-02 applied 1.00 reseeds 1279
step 2080 loss 3.83940e-03 |g| 5.44e-02 NIS/dof 1.086e-01 applied 1.00 reseeds 1285
step 2090 loss 2.81659e-03 |g| 6.42e-02 NIS/dof 1.435e-01 applied 1.00 reseeds 1290
step 2100 loss 2.63102e-03 |g| 9.69e-02 NIS/dof 1.274e-01 applied 1.00 reseeds 1295
step 2110 loss 3.07904e-03 |g| 9.51e-02 NIS/dof 1.354e-01 applied 1.00 reseeds 1300
step 2120 loss 3.62972e-03 |g| 1.94e-01 NIS/dof 1.538e-01 applied 1.00 reseeds 1304
step 2130 loss 3.61167e-03 |g| 7.27e-02 NIS/dof 1.002e-01 applied 1.00 reseeds 1308
step 2140 loss 4.10951e-03 |g| 1.14e-01 NIS/dof 1.257e-01 applied 1.00 reseeds 1312
step 2150 loss 2.91680e-03 |g| 8.65e-02 NIS/dof 1.245e-01 applied 1.00 reseeds 1320
step 2160 loss 3.78095e-03 |g| 7.39e-02 NIS/dof 1.190e-01 applied 1.00 reseeds 1328
step 2170 loss 3.01638e-03 |g| 7.31e-02 NIS/dof 1.106e-01 applied 1.00 reseeds 1334
step 2180 loss 3.87096e-03 |g| 2.24e-01 NIS/dof 1.661e-01 applied 1.00 reseeds 1345
step 2190 loss 2.87424e-03 |g| 8.58e-02 NIS/dof 1.182e-01 applied 1.00 reseeds 1353
step 2200 loss 4.06736e-03 |g| 1.44e-01 NIS/dof 1.479e-01 applied 1.00 reseeds 1356
step 2210 loss 2.64858e-03 |g| 6.38e-02 NIS/dof 1.366e-01 applied 1.00 reseeds 1367
step 2220 loss 3.04061e-03 |g| 7.24e-02 NIS/dof 1.182e-01 applied 1.00 reseeds 1377
step 2230 loss 2.67794e-03 |g| 8.25e-02 NIS/dof 1.359e-01 applied 1.00 reseeds 1386
step 2240 loss 2.70912e-03 |g| 6.39e-02 NIS/dof 1.115e-01 applied 1.00 reseeds 1393
step 2250 loss 2.40856e-03 |g| 8.19e-02 NIS/dof 1.310e-01 applied 1.00 reseeds 1396
step 2260 loss 3.60260e-03 |g| 8.80e-02 NIS/dof 1.140e-01 applied 1.00 reseeds 1406
step 2270 loss 3.20144e-03 |g| 8.96e-02 NIS/dof 1.274e-01 applied 1.00 reseeds 1412
step 2280 loss 3.58694e-03 |g| 1.69e-01 NIS/dof 1.425e-01 applied 1.00 reseeds 1413
step 2290 loss 3.56629e-03 |g| 1.12e-01 NIS/dof 1.114e-01 applied 1.00 reseeds 1417
step 2300 loss 3.06334e-03 |g| 1.07e-01 NIS/dof 1.241e-01 applied 1.00 reseeds 1426
step 2310 loss 3.29626e-03 |g| 5.79e-02 NIS/dof 1.034e-01 applied 1.00 reseeds 1428
step 2320 loss 3.33216e-03 |g| 7.09e-02 NIS/dof 1.408e-01 applied 1.00 reseeds 1435
step 2330 loss 4.25817e-03 |g| 1.35e-01 NIS/dof 1.251e-01 applied 1.00 reseeds 1442
step 2340 loss 2.91148e-03 |g| 1.01e-01 NIS/dof 1.513e-01 applied 1.00 reseeds 1448
step 2350 loss 2.45748e-03 |g| 8.43e-02 NIS/dof 9.759e-02 applied 1.00 reseeds 1454
step 2360 loss 3.92998e-03 |g| 1.19e-01 NIS/dof 1.205e-01 applied 1.00 reseeds 1460
step 2370 loss 3.06990e-03 |g| 5.85e-02 NIS/dof 1.382e-01 applied 1.00 reseeds 1466
step 2380 loss 3.38361e-03 |g| 8.34e-02 NIS/dof 1.239e-01 applied 1.00 reseeds 1480
step 2390 loss 3.01184e-03 |g| 7.42e-02 NIS/dof 1.155e-01 applied 1.00 reseeds 1484
step 2400 loss 3.82165e-03 |g| 1.32e-01 NIS/dof 1.408e-01 applied 1.00 reseeds 1485
step 2410 loss 2.49283e-03 |g| 1.13e-01 NIS/dof 1.224e-01 applied 1.00 reseeds 1492
step 2420 loss 3.09541e-03 |g| 1.04e-01 NIS/dof 1.266e-01 applied 1.00 reseeds 1500
step 2430 loss 3.18088e-03 |g| 1.01e-01 NIS/dof 1.319e-01 applied 1.00 reseeds 1507
step 2440 loss 2.81527e-03 |g| 9.87e-02 NIS/dof 9.739e-02 applied 1.00 reseeds 1513
step 2450 loss 3.00686e-03 |g| 5.63e-02 NIS/dof 1.153e-01 applied 1.00 reseeds 1514
step 2460 loss 3.32852e-03 |g| 1.12e-01 NIS/dof 1.264e-01 applied 1.00 reseeds 1519
step 2470 loss 2.93112e-03 |g| 1.33e-01 NIS/dof 1.493e-01 applied 1.00 reseeds 1527
step 2480 loss 3.24654e-03 |g| 6.27e-02 NIS/dof 1.510e-01 applied 1.00 reseeds 1536
step 2490 loss 2.68809e-03 |g| 6.52e-02 NIS/dof 1.212e-01 applied 1.00 reseeds 1540
step 2500 loss 3.43144e-03 |g| 6.19e-02 NIS/dof 1.218e-01 applied 1.00 reseeds 1544
step 2510 loss 3.35616e-03 |g| 7.43e-02 NIS/dof 1.498e-01 applied 1.00 reseeds 1552
step 2520 loss 2.90886e-03 |g| 7.27e-02 NIS/dof 1.132e-01 applied 1.00 reseeds 1558
step 2530 loss 2.34167e-03 |g| 6.60e-02 NIS/dof 1.410e-01 applied 1.00 reseeds 1567
step 2540 loss 3.42612e-03 |g| 1.15e-01 NIS/dof 1.415e-01 applied 1.00 reseeds 1573
step 2550 loss 3.95185e-03 |g| 9.33e-02 NIS/dof 1.411e-01 applied 1.00 reseeds 1581
step 2560 loss 3.25694e-03 |g| 1.00e-01 NIS/dof 1.420e-01 applied 1.00 reseeds 1587
step 2570 loss 3.75067e-03 |g| 1.41e-01 NIS/dof 1.618e-01 applied 1.00 reseeds 1590
step 2580 loss 3.01929e-03 |g| 1.46e-01 NIS/dof 1.568e-01 applied 1.00 reseeds 1596
step 2590 loss 3.36477e-03 |g| 1.75e-01 NIS/dof 1.484e-01 applied 1.00 reseeds 1603
step 2600 loss 3.04029e-03 |g| 1.18e-01 NIS/dof 1.297e-01 applied 1.00 reseeds 1608
step 2610 loss 3.11652e-03 |g| 1.46e-01 NIS/dof 1.286e-01 applied 1.00 reseeds 1612
step 2620 loss 3.12679e-03 |g| 8.70e-02 NIS/dof 1.365e-01 applied 1.00 reseeds 1617
step 2630 loss 2.94693e-03 |g| 1.03e-01 NIS/dof 1.219e-01 applied 1.00 reseeds 1624
step 2640 loss 3.80444e-03 |g| 1.00e-01 NIS/dof 1.418e-01 applied 1.00 reseeds 1632
step 2650 loss 2.90717e-03 |g| 8.91e-02 NIS/dof 1.309e-01 applied 1.00 reseeds 1639
step 2660 loss 3.17699e-03 |g| 9.18e-02 NIS/dof 1.209e-01 applied 1.00 reseeds 1646
step 2670 loss 3.41633e-03 |g| 9.30e-02 NIS/dof 1.232e-01 applied 1.00 reseeds 1651
step 2680 loss 3.23765e-03 |g| 6.70e-02 NIS/dof 1.191e-01 applied 1.00 reseeds 1656
step 2690 loss 2.67316e-03 |g| 6.30e-02 NIS/dof 1.060e-01 applied 1.00 reseeds 1661
step 2700 loss 3.21433e-03 |g| 1.54e-01 NIS/dof 1.461e-01 applied 1.00 reseeds 1667
step 2710 loss 3.26338e-03 |g| 7.18e-02 NIS/dof 1.189e-01 applied 1.00 reseeds 1673
step 2720 loss 2.79262e-03 |g| 8.82e-02 NIS/dof 1.353e-01 applied 1.00 reseeds 1677
step 2730 loss 2.87953e-03 |g| 7.32e-02 NIS/dof 1.081e-01 applied 1.00 reseeds 1684
step 2740 loss 2.81542e-03 |g| 8.58e-02 NIS/dof 1.441e-01 applied 1.00 reseeds 1692
step 2750 loss 3.59143e-03 |g| 8.13e-02 NIS/dof 1.572e-01 applied 1.00 reseeds 1702
step 2760 loss 2.91130e-03 |g| 1.14e-01 NIS/dof 9.978e-02 applied 1.00 reseeds 1709
step 2770 loss 2.74318e-03 |g| 7.59e-02 NIS/dof 1.379e-01 applied 1.00 reseeds 1714
step 2780 loss 2.90600e-03 |g| 1.57e-01 NIS/dof 1.317e-01 applied 1.00 reseeds 1718
step 2790 loss 3.35642e-03 |g| 1.24e-01 NIS/dof 1.594e-01 applied 1.00 reseeds 1721
step 2800 loss 2.76530e-03 |g| 6.75e-02 NIS/dof 1.074e-01 applied 1.00 reseeds 1728
step 2810 loss 2.79641e-03 |g| 1.23e-01 NIS/dof 1.612e-01 applied 1.00 reseeds 1733
step 2820 loss 3.66479e-03 |g| 8.35e-02 NIS/dof 1.409e-01 applied 1.00 reseeds 1746
step 2830 loss 3.40606e-03 |g| 1.17e-01 NIS/dof 1.501e-01 applied 1.00 reseeds 1750
step 2840 loss 3.38839e-03 |g| 8.58e-02 NIS/dof 1.547e-01 applied 1.00 reseeds 1757
step 2850 loss 3.75575e-03 |g| 9.34e-02 NIS/dof 1.371e-01 applied 1.00 reseeds 1763
step 2860 loss 2.85120e-03 |g| 7.95e-02 NIS/dof 1.089e-01 applied 1.00 reseeds 1764
step 2870 loss 4.01308e-03 |g| 1.52e-01 NIS/dof 1.319e-01 applied 1.00 reseeds 1767
step 2880 loss 2.83842e-03 |g| 1.01e-01 NIS/dof 1.178e-01 applied 1.00 reseeds 1774
step 2890 loss 2.33918e-03 |g| 5.40e-02 NIS/dof 1.006e-01 applied 1.00 reseeds 1778
step 2900 loss 2.88592e-03 |g| 1.23e-01 NIS/dof 1.340e-01 applied 1.00 reseeds 1784
step 2910 loss 2.77121e-03 |g| 7.16e-02 NIS/dof 1.263e-01 applied 1.00 reseeds 1791
step 2920 loss 3.43918e-03 |g| 1.21e-01 NIS/dof 1.779e-01 applied 1.00 reseeds 1795
step 2930 loss 2.78203e-03 |g| 1.34e-01 NIS/dof 1.246e-01 applied 1.00 reseeds 1800
step 2940 loss 3.13705e-03 |g| 7.86e-02 NIS/dof 1.385e-01 applied 1.00 reseeds 1806
step 2950 loss 2.46834e-03 |g| 7.28e-02 NIS/dof 1.181e-01 applied 1.00 reseeds 1812
step 2960 loss 2.37486e-03 |g| 7.22e-02 NIS/dof 1.138e-01 applied 1.00 reseeds 1815
step 2970 loss 2.93210e-03 |g| 1.09e-01 NIS/dof 1.443e-01 applied 1.00 reseeds 1818
step 2980 loss 2.51953e-03 |g| 5.47e-02 NIS/dof 1.236e-01 applied 1.00 reseeds 1827
step 2990 loss 2.41858e-03 |g| 7.84e-02 NIS/dof 1.337e-01 applied 1.00 reseeds 1832
step 3000 loss 2.41484e-03 |g| 6.06e-02 NIS/dof 1.333e-01 applied 1.00 reseeds 1838
step 3010 loss 2.36566e-03 |g| 1.33e-01 NIS/dof 1.431e-01 applied 1.00 reseeds 1842
step 3020 loss 2.89143e-03 |g| 7.14e-02 NIS/dof 1.310e-01 applied 1.00 reseeds 1849
step 3030 loss 3.29251e-03 |g| 7.21e-02 NIS/dof 1.118e-01 applied 1.00 reseeds 1855
step 3040 loss 2.73984e-03 |g| 1.10e-01 NIS/dof 1.198e-01 applied 1.00 reseeds 1860
step 3050 loss 2.53733e-03 |g| 8.77e-02 NIS/dof 1.333e-01 applied 1.00 reseeds 1863
step 3060 loss 2.70026e-03 |g| 5.13e-02 NIS/dof 1.222e-01 applied 1.00 reseeds 1871
step 3070 loss 3.50887e-03 |g| 9.75e-02 NIS/dof 1.386e-01 applied 1.00 reseeds 1880
step 3080 loss 2.55979e-03 |g| 5.89e-02 NIS/dof 1.360e-01 applied 1.00 reseeds 1884
step 3090 loss 3.17783e-03 |g| 8.55e-02 NIS/dof 1.495e-01 applied 1.00 reseeds 1890
step 3100 loss 2.82579e-03 |g| 1.59e-01 NIS/dof 1.456e-01 applied 1.00 reseeds 1895
step 3110 loss 2.49974e-03 |g| 6.99e-02 NIS/dof 1.518e-01 applied 1.00 reseeds 1899
step 3120 loss 2.22431e-03 |g| 1.42e-01 NIS/dof 1.154e-01 applied 1.00 reseeds 1908
step 3130 loss 2.95097e-03 |g| 2.06e-01 NIS/dof 1.694e-01 applied 1.00 reseeds 1912
step 3140 loss 2.16290e-03 |g| 7.65e-02 NIS/dof 1.180e-01 applied 1.00 reseeds 1916
step 3150 loss 3.01417e-03 |g| 8.08e-02 NIS/dof 1.574e-01 applied 1.00 reseeds 1923
step 3160 loss 2.78124e-03 |g| 8.64e-02 NIS/dof 1.242e-01 applied 1.00 reseeds 1931
step 3170 loss 2.38100e-03 |g| 7.72e-02 NIS/dof 1.344e-01 applied 1.00 reseeds 1935
step 3180 loss 3.23080e-03 |g| 9.24e-02 NIS/dof 1.142e-01 applied 1.00 reseeds 1938
step 3190 loss 2.48063e-03 |g| 7.79e-02 NIS/dof 1.293e-01 applied 1.00 reseeds 1944
step 3200 loss 2.61427e-03 |g| 1.11e-01 NIS/dof 1.208e-01 applied 1.00 reseeds 1946
step 3210 loss 2.65467e-03 |g| 8.64e-02 NIS/dof 1.236e-01 applied 1.00 reseeds 1954
step 3220 loss 2.36220e-03 |g| 7.53e-02 NIS/dof 1.263e-01 applied 1.00 reseeds 1965
step 3230 loss 2.64598e-03 |g| 1.41e-01 NIS/dof 1.329e-01 applied 1.00 reseeds 1968
step 3240 loss 2.61525e-03 |g| 1.36e-01 NIS/dof 1.254e-01 applied 1.00 reseeds 1975
step 3250 loss 2.46046e-03 |g| 9.08e-02 NIS/dof 1.121e-01 applied 1.00 reseeds 1981
step 3260 loss 2.70541e-03 |g| 5.76e-02 NIS/dof 1.294e-01 applied 1.00 reseeds 1987
step 3270 loss 2.78201e-03 |g| 9.44e-02 NIS/dof 1.414e-01 applied 1.00 reseeds 1987
step 3280 loss 3.38537e-03 |g| 1.13e-01 NIS/dof 1.660e-01 applied 1.00 reseeds 1997
step 3290 loss 2.09555e-03 |g| 7.09e-02 NIS/dof 1.161e-01 applied 1.00 reseeds 2003
step 3300 loss 2.47584e-03 |g| 5.20e-02 NIS/dof 1.292e-01 applied 1.00 reseeds 2005
step 3310 loss 2.33801e-03 |g| 1.19e-01 NIS/dof 1.296e-01 applied 1.00 reseeds 2012
step 3320 loss 2.94843e-03 |g| 7.62e-02 NIS/dof 1.274e-01 applied 1.00 reseeds 2015
step 3330 loss 2.46113e-03 |g| 8.39e-02 NIS/dof 1.339e-01 applied 1.00 reseeds 2020
step 3340 loss 2.17137e-03 |g| 7.63e-02 NIS/dof 1.105e-01 applied 1.00 reseeds 2026
step 3350 loss 2.48077e-03 |g| 1.06e-01 NIS/dof 1.451e-01 applied 1.00 reseeds 2033
step 3360 loss 3.02333e-03 |g| 8.30e-02 NIS/dof 1.285e-01 applied 1.00 reseeds 2040
step 3370 loss 2.80552e-03 |g| 5.87e-02 NIS/dof 1.083e-01 applied 1.00 reseeds 2048
step 3380 loss 2.43619e-03 |g| 9.99e-02 NIS/dof 1.343e-01 applied 1.00 reseeds 2051
step 3390 loss 2.61516e-03 |g| 5.71e-02 NIS/dof 1.131e-01 applied 1.00 reseeds 2057
step 3400 loss 2.40648e-03 |g| 9.52e-02 NIS/dof 1.058e-01 applied 1.00 reseeds 2061
step 3410 loss 2.36771e-03 |g| 6.96e-02 NIS/dof 1.465e-01 applied 1.00 reseeds 2069
step 3420 loss 2.20586e-03 |g| 6.42e-02 NIS/dof 1.234e-01 applied 1.00 reseeds 2077
step 3430 loss 3.10499e-03 |g| 1.45e-01 NIS/dof 1.459e-01 applied 1.00 reseeds 2077
step 3440 loss 2.17932e-03 |g| 8.37e-02 NIS/dof 1.160e-01 applied 1.00 reseeds 2083
step 3450 loss 1.90404e-03 |g| 5.40e-02 NIS/dof 1.316e-01 applied 1.00 reseeds 2085
step 3460 loss 2.66498e-03 |g| 6.82e-02 NIS/dof 1.071e-01 applied 1.00 reseeds 2097
step 3470 loss 2.21164e-03 |g| 6.67e-02 NIS/dof 1.078e-01 applied 1.00 reseeds 2102
step 3480 loss 2.53792e-03 |g| 1.17e-01 NIS/dof 1.445e-01 applied 1.00 reseeds 2108
step 3490 loss 2.89830e-03 |g| 1.10e-01 NIS/dof 1.427e-01 applied 1.00 reseeds 2113
step 3500 loss 2.44922e-03 |g| 9.42e-02 NIS/dof 1.452e-01 applied 1.00 reseeds 2121
step 3510 loss 2.37978e-03 |g| 1.63e-01 NIS/dof 1.560e-01 applied 1.00 reseeds 2128
step 3520 loss 2.77569e-03 |g| 7.84e-02 NIS/dof 1.622e-01 applied 1.00 reseeds 2136
step 3530 loss 2.23451e-03 |g| 7.46e-02 NIS/dof 1.004e-01 applied 1.00 reseeds 2141
step 3540 loss 2.83491e-03 |g| 8.82e-02 NIS/dof 1.596e-01 applied 1.00 reseeds 2146
step 3550 loss 2.83417e-03 |g| 9.83e-02 NIS/dof 1.490e-01 applied 1.00 reseeds 2151
step 3560 loss 2.43680e-03 |g| 8.92e-02 NIS/dof 1.283e-01 applied 1.00 reseeds 2156
step 3570 loss 2.49792e-03 |g| 8.63e-02 NIS/dof 1.089e-01 applied 1.00 reseeds 2164
step 3580 loss 3.00873e-03 |g| 9.20e-02 NIS/dof 1.261e-01 applied 1.00 reseeds 2173
step 3590 loss 1.96230e-03 |g| 6.68e-02 NIS/dof 1.378e-01 applied 1.00 reseeds 2175
step 3600 loss 2.43285e-03 |g| 1.36e-01 NIS/dof 1.151e-01 applied 1.00 reseeds 2183
step 3610 loss 2.40389e-03 |g| 8.61e-02 NIS/dof 1.287e-01 applied 1.00 reseeds 2189
step 3620 loss 2.45817e-03 |g| 4.51e-02 NIS/dof 1.058e-01 applied 1.00 reseeds 2195
step 3630 loss 2.11959e-03 |g| 7.30e-02 NIS/dof 1.129e-01 applied 1.00 reseeds 2199
step 3640 loss 2.18529e-03 |g| 9.15e-02 NIS/dof 1.106e-01 applied 1.00 reseeds 2204
step 3650 loss 2.27158e-03 |g| 7.64e-02 NIS/dof 1.216e-01 applied 1.00 reseeds 2206
step 3660 loss 1.78347e-03 |g| 5.50e-02 NIS/dof 1.240e-01 applied 1.00 reseeds 2213
step 3670 loss 3.14333e-03 |g| 1.01e-01 NIS/dof 9.137e-02 applied 1.00 reseeds 2224
step 3680 loss 2.13519e-03 |g| 5.21e-02 NIS/dof 1.184e-01 applied 1.00 reseeds 2230
step 3690 loss 3.09948e-03 |g| 1.18e-01 NIS/dof 1.494e-01 applied 1.00 reseeds 2235
step 3700 loss 2.35256e-03 |g| 7.59e-02 NIS/dof 1.050e-01 applied 1.00 reseeds 2242
step 3710 loss 1.97436e-03 |g| 5.86e-02 NIS/dof 9.520e-02 applied 1.00 reseeds 2244
step 3720 loss 2.00780e-03 |g| 4.72e-02 NIS/dof 1.191e-01 applied 1.00 reseeds 2252
step 3730 loss 2.13115e-03 |g| 9.78e-02 NIS/dof 1.240e-01 applied 1.00 reseeds 2256
step 3740 loss 3.14045e-03 |g| 6.33e-02 NIS/dof 1.780e-01 applied 1.00 reseeds 2264
step 3750 loss 1.85384e-03 |g| 8.13e-02 NIS/dof 1.280e-01 applied 1.00 reseeds 2271
step 3760 loss 2.91697e-03 |g| 1.16e-01 NIS/dof 1.051e-01 applied 1.00 reseeds 2277
step 3770 loss 2.25303e-03 |g| 5.16e-02 NIS/dof 1.109e-01 applied 1.00 reseeds 2283
step 3780 loss 2.99720e-03 |g| 1.26e-01 NIS/dof 1.475e-01 applied 1.00 reseeds 2290
step 3790 loss 2.78138e-03 |g| 1.04e-01 NIS/dof 1.148e-01 applied 1.00 reseeds 2298
step 3800 loss 2.44617e-03 |g| 9.06e-02 NIS/dof 1.235e-01 applied 1.00 reseeds 2301
step 3810 loss 1.91420e-03 |g| 7.26e-02 NIS/dof 1.193e-01 applied 1.00 reseeds 2307
step 3820 loss 3.01848e-03 |g| 9.43e-02 NIS/dof 1.377e-01 applied 1.00 reseeds 2312
step 3830 loss 2.58793e-03 |g| 7.75e-02 NIS/dof 1.390e-01 applied 1.00 reseeds 2319
step 3840 loss 2.70514e-03 |g| 5.79e-02 NIS/dof 1.241e-01 applied 1.00 reseeds 2328
step 3850 loss 2.97852e-03 |g| 7.50e-02 NIS/dof 1.084e-01 applied 1.00 reseeds 2335
step 3860 loss 2.19998e-03 |g| 7.87e-02 NIS/dof 1.320e-01 applied 1.00 reseeds 2340
step 3870 loss 2.16457e-03 |g| 7.13e-02 NIS/dof 1.163e-01 applied 1.00 reseeds 2347
step 3880 loss 2.19922e-03 |g| 1.32e-01 NIS/dof 1.452e-01 applied 1.00 reseeds 2354
step 3890 loss 2.24972e-03 |g| 7.21e-02 NIS/dof 1.035e-01 applied 1.00 reseeds 2365
step 3900 loss 2.82911e-03 |g| 1.05e-01 NIS/dof 8.722e-02 applied 1.00 reseeds 2368
step 3910 loss 2.34554e-03 |g| 5.41e-02 NIS/dof 1.203e-01 applied 1.00 reseeds 2368
step 3920 loss 2.53729e-03 |g| 6.80e-02 NIS/dof 1.515e-01 applied 1.00 reseeds 2374
step 3930 loss 2.90424e-03 |g| 9.33e-02 NIS/dof 1.503e-01 applied 1.00 reseeds 2384
step 3940 loss 2.68331e-03 |g| 1.03e-01 NIS/dof 1.394e-01 applied 1.00 reseeds 2388
step 3950 loss 2.35251e-03 |g| 1.16e-01 NIS/dof 1.609e-01 applied 1.00 reseeds 2395
step 3960 loss 2.09088e-03 |g| 4.89e-02 NIS/dof 1.163e-01 applied 1.00 reseeds 2400
step 3970 loss 2.73800e-03 |g| 8.46e-02 NIS/dof 1.597e-01 applied 1.00 reseeds 2411
step 3980 loss 2.04899e-03 |g| 4.85e-02 NIS/dof 1.076e-01 applied 1.00 reseeds 2418
step 3990 loss 2.29646e-03 |g| 1.02e-01 NIS/dof 1.230e-01 applied 1.00 reseeds 2427
step 4000 loss 2.17040e-03 |g| 8.08e-02 NIS/dof 1.187e-01 applied 1.00 reseeds 2435
step 4010 loss 2.32544e-03 |g| 1.00e-01 NIS/dof 1.522e-01 applied 1.00 reseeds 2440
step 4020 loss 3.15057e-03 |g| 1.38e-01 NIS/dof 1.397e-01 applied 1.00 reseeds 2446
step 4030 loss 2.73331e-03 |g| 9.59e-02 NIS/dof 1.306e-01 applied 1.00 reseeds 2452
step 4040 loss 2.77041e-03 |g| 1.18e-01 NIS/dof 1.057e-01 applied 1.00 reseeds 2461
step 4050 loss 2.10460e-03 |g| 1.60e-01 NIS/dof 1.110e-01 applied 1.00 reseeds 2462
step 4060 loss 2.56438e-03 |g| 8.83e-02 NIS/dof 1.393e-01 applied 1.00 reseeds 2468
step 4070 loss 2.91002e-03 |g| 5.97e-02 NIS/dof 1.453e-01 applied 1.00 reseeds 2474
step 4080 loss 2.09895e-03 |g| 6.00e-02 NIS/dof 1.209e-01 applied 1.00 reseeds 2481
step 4090 loss 2.17900e-03 |g| 5.83e-02 NIS/dof 1.506e-01 applied 1.00 reseeds 2492
step 4100 loss 2.62499e-03 |g| 8.87e-02 NIS/dof 1.281e-01 applied 1.00 reseeds 2497
step 4110 loss 2.23849e-03 |g| 1.27e-01 NIS/dof 1.071e-01 applied 1.00 reseeds 2497
step 4120 loss 2.27182e-03 |g| 5.94e-02 NIS/dof 1.121e-01 applied 1.00 reseeds 2499
step 4130 loss 2.41899e-03 |g| 8.92e-02 NIS/dof 1.043e-01 applied 1.00 reseeds 2506
step 4140 loss 2.98939e-03 |g| 1.01e-01 NIS/dof 1.306e-01 applied 1.00 reseeds 2514
step 4150 loss 2.56832e-03 |g| 7.25e-02 NIS/dof 1.294e-01 applied 1.00 reseeds 2519
step 4160 loss 2.07535e-03 |g| 8.12e-02 NIS/dof 1.340e-01 applied 1.00 reseeds 2523
step 4170 loss 2.32378e-03 |g| 7.12e-02 NIS/dof 1.453e-01 applied 1.00 reseeds 2528
step 4180 loss 2.67558e-03 |g| 9.98e-02 NIS/dof 1.296e-01 applied 1.00 reseeds 2534
step 4190 loss 2.36048e-03 |g| 9.24e-02 NIS/dof 1.128e-01 applied 1.00 reseeds 2541
step 4200 loss 2.40433e-03 |g| 7.18e-02 NIS/dof 1.213e-01 applied 1.00 reseeds 2548
step 4210 loss 2.87770e-03 |g| 7.31e-02 NIS/dof 1.318e-01 applied 1.00 reseeds 2554
step 4220 loss 2.22917e-03 |g| 9.53e-02 NIS/dof 1.227e-01 applied 1.00 reseeds 2558
step 4230 loss 2.16988e-03 |g| 5.18e-02 NIS/dof 1.324e-01 applied 1.00 reseeds 2564
step 4240 loss 2.80653e-03 |g| 1.06e-01 NIS/dof 1.300e-01 applied 1.00 reseeds 2574
step 4250 loss 2.39053e-03 |g| 5.06e-02 NIS/dof 1.199e-01 applied 1.00 reseeds 2579
step 4260 loss 2.49824e-03 |g| 6.27e-02 NIS/dof 1.234e-01 applied 1.00 reseeds 2583
step 4270 loss 2.23294e-03 |g| 5.16e-02 NIS/dof 1.085e-01 applied 1.00 reseeds 2591
step 4280 loss 2.21744e-03 |g| 8.12e-02 NIS/dof 1.775e-01 applied 1.00 reseeds 2603
step 4290 loss 2.84596e-03 |g| 1.08e-01 NIS/dof 1.461e-01 applied 1.00 reseeds 2610
step 4300 loss 2.89247e-03 |g| 7.17e-02 NIS/dof 1.580e-01 applied 1.00 reseeds 2616
step 4310 loss 2.46990e-03 |g| 7.72e-02 NIS/dof 9.906e-02 applied 1.00 reseeds 2622
step 4320 loss 2.49545e-03 |g| 5.25e-02 NIS/dof 1.165e-01 applied 1.00 reseeds 2627
step 4330 loss 2.30738e-03 |g| 6.44e-02 NIS/dof 1.280e-01 applied 1.00 reseeds 2630
step 4340 loss 2.15595e-03 |g| 5.45e-02 NIS/dof 1.461e-01 applied 1.00 reseeds 2636
step 4350 loss 2.94058e-03 |g| 6.88e-02 NIS/dof 1.251e-01 applied 1.00 reseeds 2644
step 4360 loss 2.47235e-03 |g| 1.01e-01 NIS/dof 1.536e-01 applied 1.00 reseeds 2651
step 4370 loss 3.01409e-03 |g| 1.31e-01 NIS/dof 1.337e-01 applied 1.00 reseeds 2658
step 4380 loss 2.53170e-03 |g| 8.95e-02 NIS/dof 1.278e-01 applied 1.00 reseeds 2660
step 4390 loss 2.15902e-03 |g| 8.92e-02 NIS/dof 1.139e-01 applied 1.00 reseeds 2665
step 4400 loss 2.29883e-03 |g| 1.02e-01 NIS/dof 1.439e-01 applied 1.00 reseeds 2666
step 4410 loss 2.38826e-03 |g| 8.38e-02 NIS/dof 1.279e-01 applied 1.00 reseeds 2669
step 4420 loss 1.83465e-03 |g| 6.50e-02 NIS/dof 1.149e-01 applied 1.00 reseeds 2676
step 4430 loss 2.04534e-03 |g| 7.35e-02 NIS/dof 1.343e-01 applied 1.00 reseeds 2683
step 4440 loss 2.63631e-03 |g| 8.46e-02 NIS/dof 1.253e-01 applied 1.00 reseeds 2692
step 4450 loss 1.76505e-03 |g| 8.12e-02 NIS/dof 1.594e-01 applied 1.00 reseeds 2696
step 4460 loss 2.60208e-03 |g| 2.24e-01 NIS/dof 1.394e-01 applied 1.00 reseeds 2706
step 4470 loss 2.51270e-03 |g| 7.56e-02 NIS/dof 1.181e-01 applied 1.00 reseeds 2710
step 4480 loss 2.40038e-03 |g| 8.94e-02 NIS/dof 1.245e-01 applied 1.00 reseeds 2716
step 4490 loss 2.32127e-03 |g| 5.19e-02 NIS/dof 1.303e-01 applied 1.00 reseeds 2720
step 4500 loss 2.12220e-03 |g| 8.35e-02 NIS/dof 1.053e-01 applied 1.00 reseeds 2727
step 4510 loss 2.39324e-03 |g| 7.68e-02 NIS/dof 1.074e-01 applied 1.00 reseeds 2735
step 4520 loss 2.94517e-03 |g| 2.27e-01 NIS/dof 1.349e-01 applied 1.00 reseeds 2740
step 4530 loss 2.51434e-03 |g| 4.81e-02 NIS/dof 1.506e-01 applied 1.00 reseeds 2743
step 4540 loss 2.22147e-03 |g| 9.24e-02 NIS/dof 1.168e-01 applied 1.00 reseeds 2747
step 4550 loss 2.68213e-03 |g| 7.12e-02 NIS/dof 1.138e-01 applied 1.00 reseeds 2756
step 4560 loss 3.08818e-03 |g| 7.96e-02 NIS/dof 1.319e-01 applied 1.00 reseeds 2762
step 4570 loss 2.26608e-03 |g| 6.43e-02 NIS/dof 1.428e-01 applied 1.00 reseeds 2768
step 4580 loss 2.45287e-03 |g| 7.00e-02 NIS/dof 1.101e-01 applied 1.00 reseeds 2776
step 4590 loss 2.57816e-03 |g| 6.18e-02 NIS/dof 1.052e-01 applied 1.00 reseeds 2782
step 4600 loss 2.09623e-03 |g| 8.07e-02 NIS/dof 1.215e-01 applied 1.00 reseeds 2789
step 4610 loss 2.51403e-03 |g| 9.01e-02 NIS/dof 9.553e-02 applied 1.00 reseeds 2795
step 4620 loss 2.70149e-03 |g| 8.58e-02 NIS/dof 1.196e-01 applied 1.00 reseeds 2803
step 4630 loss 2.12783e-03 |g| 9.65e-02 NIS/dof 1.187e-01 applied 1.00 reseeds 2811
step 4640 loss 2.12191e-03 |g| 4.12e-02 NIS/dof 1.088e-01 applied 1.00 reseeds 2818
step 4650 loss 2.10825e-03 |g| 5.28e-02 NIS/dof 1.298e-01 applied 1.00 reseeds 2825
step 4660 loss 2.81975e-03 |g| 6.35e-02 NIS/dof 1.385e-01 applied 1.00 reseeds 2833
step 4670 loss 2.14321e-03 |g| 7.96e-02 NIS/dof 1.537e-01 applied 1.00 reseeds 2838
step 4680 loss 2.79884e-03 |g| 6.83e-02 NIS/dof 1.179e-01 applied 1.00 reseeds 2844
step 4690 loss 1.84590e-03 |g| 5.32e-02 NIS/dof 1.268e-01 applied 1.00 reseeds 2853
step 4700 loss 2.29556e-03 |g| 6.92e-02 NIS/dof 1.484e-01 applied 1.00 reseeds 2856
step 4710 loss 2.08479e-03 |g| 6.44e-02 NIS/dof 1.387e-01 applied 1.00 reseeds 2867
step 4720 loss 2.02592e-03 |g| 7.06e-02 NIS/dof 1.616e-01 applied 1.00 reseeds 2873
step 4730 loss 2.32088e-03 |g| 6.68e-02 NIS/dof 1.161e-01 applied 1.00 reseeds 2881
step 4740 loss 2.20026e-03 |g| 7.68e-02 NIS/dof 9.859e-02 applied 1.00 reseeds 2892
step 4750 loss 2.00457e-03 |g| 8.54e-02 NIS/dof 1.574e-01 applied 1.00 reseeds 2897
step 4760 loss 2.36723e-03 |g| 7.19e-02 NIS/dof 1.371e-01 applied 1.00 reseeds 2900
step 4770 loss 3.18295e-03 |g| 8.98e-02 NIS/dof 1.195e-01 applied 1.00 reseeds 2906
step 4780 loss 2.41583e-03 |g| 1.41e-01 NIS/dof 1.189e-01 applied 1.00 reseeds 2912
step 4790 loss 2.77289e-03 |g| 9.99e-02 NIS/dof 1.292e-01 applied 1.00 reseeds 2917
step 4800 loss 2.02738e-03 |g| 4.22e-02 NIS/dof 1.076e-01 applied 1.00 reseeds 2924
step 4810 loss 2.22801e-03 |g| 5.01e-02 NIS/dof 1.307e-01 applied 1.00 reseeds 2928
step 4820 loss 2.05830e-03 |g| 4.47e-02 NIS/dof 1.207e-01 applied 1.00 reseeds 2933
step 4830 loss 1.84039e-03 |g| 6.04e-02 NIS/dof 1.058e-01 applied 1.00 reseeds 2943
step 4840 loss 2.25490e-03 |g| 7.35e-02 NIS/dof 1.411e-01 applied 1.00 reseeds 2950
step 4850 loss 2.74311e-03 |g| 7.69e-02 NIS/dof 1.224e-01 applied 1.00 reseeds 2956
step 4860 loss 2.64061e-03 |g| 8.10e-02 NIS/dof 1.445e-01 applied 1.00 reseeds 2958
step 4870 loss 2.32404e-03 |g| 7.57e-02 NIS/dof 1.352e-01 applied 1.00 reseeds 2963
step 4880 loss 2.27297e-03 |g| 7.96e-02 NIS/dof 1.062e-01 applied 1.00 reseeds 2967
step 4890 loss 1.76284e-03 |g| 5.23e-02 NIS/dof 1.281e-01 applied 1.00 reseeds 2972
step 4900 loss 1.82206e-03 |g| 3.83e-02 NIS/dof 1.130e-01 applied 1.00 reseeds 2977
step 4910 loss 2.18937e-03 |g| 4.75e-02 NIS/dof 1.056e-01 applied 1.00 reseeds 2981
step 4920 loss 2.55327e-03 |g| 8.16e-02 NIS/dof 1.129e-01 applied 1.00 reseeds 2989
step 4930 loss 2.98865e-03 |g| 8.26e-02 NIS/dof 1.126e-01 applied 1.00 reseeds 2997
step 4940 loss 2.09412e-03 |g| 5.59e-02 NIS/dof 1.318e-01 applied 1.00 reseeds 3006
step 4950 loss 2.52172e-03 |g| 7.23e-02 NIS/dof 1.198e-01 applied 1.00 reseeds 3012
step 4960 loss 2.32933e-03 |g| 5.95e-02 NIS/dof 1.409e-01 applied 1.00 reseeds 3016
step 4970 loss 2.53900e-03 |g| 8.21e-02 NIS/dof 1.345e-01 applied 1.00 reseeds 3022
step 4980 loss 2.09067e-03 |g| 7.45e-02 NIS/dof 1.015e-01 applied 1.00 reseeds 3027
step 4990 loss 2.53435e-03 |g| 7.65e-02 NIS/dof 1.612e-01 applied 1.00 reseeds 3037
step 5000 loss 2.32290e-03 |g| 6.40e-02 NIS/dof 1.712e-01 applied 1.00 reseeds 3040
step 5010 loss 2.25706e-03 |g| 7.02e-02 NIS/dof 9.837e-02 applied 1.00 reseeds 3047
step 5020 loss 2.63564e-03 |g| 5.17e-02 NIS/dof 1.245e-01 applied 1.00 reseeds 3053
step 5030 loss 1.77255e-03 |g| 5.56e-02 NIS/dof 1.172e-01 applied 1.00 reseeds 3058
step 5040 loss 2.45471e-03 |g| 5.94e-02 NIS/dof 1.294e-01 applied 1.00 reseeds 3062
step 5050 loss 2.32425e-03 |g| 4.53e-02 NIS/dof 1.452e-01 applied 1.00 reseeds 3066
step 5060 loss 2.35363e-03 |g| 5.64e-02 NIS/dof 1.426e-01 applied 1.00 reseeds 3075
step 5070 loss 1.98279e-03 |g| 5.02e-02 NIS/dof 1.337e-01 applied 1.00 reseeds 3082
step 5080 loss 2.29156e-03 |g| 6.01e-02 NIS/dof 1.449e-01 applied 1.00 reseeds 3090
step 5090 loss 2.23108e-03 |g| 1.16e-01 NIS/dof 1.487e-01 applied 1.00 reseeds 3096
step 5100 loss 2.18175e-03 |g| 4.70e-02 NIS/dof 1.181e-01 applied 1.00 reseeds 3100
step 5110 loss 2.34908e-03 |g| 3.58e-02 NIS/dof 1.190e-01 applied 1.00 reseeds 3103
step 5120 loss 3.34762e-03 |g| 7.59e-02 NIS/dof 1.181e-01 applied 1.00 reseeds 3112
step 5130 loss 2.31611e-03 |g| 8.63e-02 NIS/dof 1.454e-01 applied 1.00 reseeds 3115
step 5140 loss 2.47452e-03 |g| 5.71e-02 NIS/dof 1.259e-01 applied 1.00 reseeds 3122
step 5150 loss 2.34993e-03 |g| 6.13e-02 NIS/dof 1.328e-01 applied 1.00 reseeds 3130
step 5160 loss 2.66497e-03 |g| 7.60e-02 NIS/dof 1.417e-01 applied 1.00 reseeds 3138
step 5170 loss 2.23721e-03 |g| 7.26e-02 NIS/dof 1.339e-01 applied 1.00 reseeds 3143
step 5180 loss 2.50014e-03 |g| 8.74e-02 NIS/dof 1.782e-01 applied 1.00 reseeds 3146
step 5190 loss 2.08142e-03 |g| 4.45e-02 NIS/dof 1.151e-01 applied 1.00 reseeds 3154
step 5200 loss 2.58322e-03 |g| 4.77e-02 NIS/dof 1.226e-01 applied 1.00 reseeds 3158
step 5210 loss 2.15323e-03 |g| 8.81e-02 NIS/dof 1.368e-01 applied 1.00 reseeds 3163
step 5220 loss 2.29374e-03 |g| 7.53e-02 NIS/dof 1.467e-01 applied 1.00 reseeds 3173
step 5230 loss 2.01595e-03 |g| 4.91e-02 NIS/dof 1.096e-01 applied 1.00 reseeds 3178
step 5240 loss 2.06697e-03 |g| 7.96e-02 NIS/dof 1.329e-01 applied 1.00 reseeds 3186
step 5250 loss 2.08631e-03 |g| 5.63e-02 NIS/dof 1.326e-01 applied 1.00 reseeds 3188
step 5260 loss 2.18855e-03 |g| 5.38e-02 NIS/dof 1.264e-01 applied 1.00 reseeds 3197
step 5270 loss 2.45824e-03 |g| 4.47e-02 NIS/dof 1.169e-01 applied 1.00 reseeds 3205
step 5280 loss 2.06389e-03 |g| 6.13e-02 NIS/dof 1.334e-01 applied 1.00 reseeds 3213
step 5290 loss 2.00848e-03 |g| 7.95e-02 NIS/dof 1.411e-01 applied 1.00 reseeds 3217
step 5300 loss 1.85791e-03 |g| 4.68e-02 NIS/dof 1.116e-01 applied 1.00 reseeds 3226
step 5310 loss 2.29780e-03 |g| 5.51e-02 NIS/dof 1.385e-01 applied 1.00 reseeds 3230
step 5320 loss 2.04669e-03 |g| 6.37e-02 NIS/dof 1.361e-01 applied 1.00 reseeds 3236
step 5330 loss 2.21758e-03 |g| 6.03e-02 NIS/dof 1.104e-01 applied 1.00 reseeds 3241
step 5340 loss 2.33774e-03 |g| 6.46e-02 NIS/dof 1.444e-01 applied 1.00 reseeds 3250
step 5350 loss 1.59223e-03 |g| 7.23e-02 NIS/dof 1.188e-01 applied 1.00 reseeds 3257
step 5360 loss 2.11579e-03 |g| 6.35e-02 NIS/dof 1.300e-01 applied 1.00 reseeds 3259
step 5370 loss 2.05701e-03 |g| 4.53e-02 NIS/dof 1.228e-01 applied 1.00 reseeds 3267
step 5380 loss 2.31188e-03 |g| 4.63e-02 NIS/dof 1.523e-01 applied 1.00 reseeds 3271
step 5390 loss 2.24589e-03 |g| 7.94e-02 NIS/dof 1.135e-01 applied 1.00 reseeds 3280
step 5400 loss 2.44180e-03 |g| 8.09e-02 NIS/dof 1.362e-01 applied 1.00 reseeds 3284
step 5410 loss 2.03018e-03 |g| 5.37e-02 NIS/dof 9.413e-02 applied 1.00 reseeds 3288
step 5420 loss 2.30451e-03 |g| 9.71e-02 NIS/dof 1.460e-01 applied 1.00 reseeds 3295
step 5430 loss 2.58162e-03 |g| 1.09e-01 NIS/dof 1.423e-01 applied 1.00 reseeds 3303
step 5440 loss 2.15109e-03 |g| 1.07e-01 NIS/dof 1.286e-01 applied 1.00 reseeds 3311
step 5450 loss 2.14492e-03 |g| 5.69e-02 NIS/dof 1.090e-01 applied 1.00 reseeds 3313
step 5460 loss 2.42894e-03 |g| 7.70e-02 NIS/dof 1.456e-01 applied 1.00 reseeds 3319
step 5470 loss 2.54179e-03 |g| 6.76e-02 NIS/dof 1.366e-01 applied 1.00 reseeds 3325
step 5480 loss 2.70210e-03 |g| 9.31e-02 NIS/dof 1.394e-01 applied 1.00 reseeds 3331
step 5490 loss 3.35735e-03 |g| 7.55e-02 NIS/dof 1.310e-01 applied 1.00 reseeds 3342
step 5500 loss 2.29655e-03 |g| 1.05e-01 NIS/dof 1.485e-01 applied 1.00 reseeds 3349
step 5510 loss 1.95273e-03 |g| 6.09e-02 NIS/dof 1.368e-01 applied 1.00 reseeds 3352
step 5520 loss 1.94932e-03 |g| 5.61e-02 NIS/dof 1.238e-01 applied 1.00 reseeds 3355
step 5530 loss 1.74530e-03 |g| 6.45e-02 NIS/dof 1.528e-01 applied 1.00 reseeds 3364
step 5540 loss 2.12985e-03 |g| 7.08e-02 NIS/dof 1.366e-01 applied 1.00 reseeds 3368
step 5550 loss 2.19161e-03 |g| 5.36e-02 NIS/dof 1.348e-01 applied 1.00 reseeds 3374
step 5560 loss 3.40935e-03 |g| 2.02e-01 NIS/dof 1.271e-01 applied 1.00 reseeds 3381
step 5570 loss 2.68844e-03 |g| 5.15e-02 NIS/dof 1.595e-01 applied 1.00 reseeds 3388
step 5580 loss 2.12544e-03 |g| 4.30e-02 NIS/dof 9.792e-02 applied 1.00 reseeds 3393
step 5590 loss 2.11760e-03 |g| 1.20e-01 NIS/dof 1.315e-01 applied 1.00 reseeds 3404
step 5600 loss 2.59234e-03 |g| 6.24e-02 NIS/dof 1.396e-01 applied 1.00 reseeds 3407
step 5610 loss 2.03431e-03 |g| 5.10e-02 NIS/dof 1.191e-01 applied 1.00 reseeds 3412
step 5620 loss 2.28235e-03 |g| 7.19e-02 NIS/dof 1.299e-01 applied 1.00 reseeds 3417
step 5630 loss 2.32254e-03 |g| 6.80e-02 NIS/dof 1.050e-01 applied 1.00 reseeds 3421
step 5640 loss 2.21562e-03 |g| 7.16e-02 NIS/dof 9.189e-02 applied 1.00 reseeds 3429
step 5650 loss 2.20548e-03 |g| 4.05e-02 NIS/dof 1.022e-01 applied 1.00 reseeds 3438
step 5660 loss 2.32060e-03 |g| 6.86e-02 NIS/dof 1.092e-01 applied 1.00 reseeds 3445
step 5670 loss 2.08729e-03 |g| 4.77e-02 NIS/dof 1.318e-01 applied 1.00 reseeds 3451
step 5680 loss 2.29918e-03 |g| 7.05e-02 NIS/dof 1.484e-01 applied 1.00 reseeds 3464
step 5690 loss 2.22572e-03 |g| 6.94e-02 NIS/dof 1.448e-01 applied 1.00 reseeds 3469
step 5700 loss 2.46273e-03 |g| 8.34e-02 NIS/dof 1.158e-01 applied 1.00 reseeds 3475
step 5710 loss 2.07322e-03 |g| 9.03e-02 NIS/dof 1.239e-01 applied 1.00 reseeds 3479
step 5720 loss 2.28534e-03 |g| 4.94e-02 NIS/dof 1.303e-01 applied 1.00 reseeds 3482
step 5730 loss 2.12234e-03 |g| 5.73e-02 NIS/dof 1.169e-01 applied 1.00 reseeds 3486
step 5740 loss 2.01164e-03 |g| 5.01e-02 NIS/dof 1.328e-01 applied 1.00 reseeds 3494
step 5750 loss 2.44815e-03 |g| 6.88e-02 NIS/dof 1.165e-01 applied 1.00 reseeds 3503
step 5760 loss 1.92721e-03 |g| 9.77e-02 NIS/dof 1.356e-01 applied 1.00 reseeds 3508
step 5770 loss 2.40409e-03 |g| 5.50e-02 NIS/dof 1.016e-01 applied 1.00 reseeds 3516
step 5780 loss 2.23659e-03 |g| 5.71e-02 NIS/dof 1.350e-01 applied 1.00 reseeds 3519
step 5790 loss 2.16251e-03 |g| 4.93e-02 NIS/dof 1.061e-01 applied 1.00 reseeds 3524
step 5800 loss 1.84228e-03 |g| 4.66e-02 NIS/dof 1.348e-01 applied 1.00 reseeds 3530
step 5810 loss 1.91526e-03 |g| 5.72e-02 NIS/dof 1.180e-01 applied 1.00 reseeds 3538
step 5820 loss 2.86484e-03 |g| 8.48e-02 NIS/dof 1.155e-01 applied 1.00 reseeds 3547
step 5830 loss 2.41688e-03 |g| 5.07e-02 NIS/dof 1.152e-01 applied 1.00 reseeds 3552
step 5840 loss 2.81481e-03 |g| 6.18e-02 NIS/dof 1.230e-01 applied 1.00 reseeds 3559
step 5850 loss 2.33777e-03 |g| 5.65e-02 NIS/dof 1.084e-01 applied 1.00 reseeds 3568
step 5860 loss 2.58905e-03 |g| 7.23e-02 NIS/dof 1.400e-01 applied 1.00 reseeds 3572
step 5870 loss 3.36958e-03 |g| 6.21e-02 NIS/dof 1.138e-01 applied 1.00 reseeds 3580
step 5880 loss 1.94250e-03 |g| 5.01e-02 NIS/dof 1.055e-01 applied 1.00 reseeds 3582
step 5890 loss 2.65743e-03 |g| 6.86e-02 NIS/dof 1.452e-01 applied 1.00 reseeds 3588
step 5900 loss 2.19816e-03 |g| 8.81e-02 NIS/dof 1.023e-01 applied 1.00 reseeds 3592
step 5910 loss 2.17786e-03 |g| 7.33e-02 NIS/dof 1.190e-01 applied 1.00 reseeds 3597
step 5920 loss 3.33122e-03 |g| 7.80e-02 NIS/dof 1.175e-01 applied 1.00 reseeds 3605
step 5930 loss 2.12955e-03 |g| 5.23e-02 NIS/dof 1.600e-01 applied 1.00 reseeds 3612
step 5940 loss 2.65955e-03 |g| 6.04e-02 NIS/dof 1.375e-01 applied 1.00 reseeds 3615
step 5950 loss 1.91362e-03 |g| 5.78e-02 NIS/dof 1.196e-01 applied 1.00 reseeds 3620
step 5960 loss 2.12292e-03 |g| 4.52e-02 NIS/dof 1.165e-01 applied 1.00 reseeds 3625
step 5970 loss 1.89215e-03 |g| 9.49e-02 NIS/dof 1.222e-01 applied 1.00 reseeds 3629
step 5980 loss 2.11670e-03 |g| 4.79e-02 NIS/dof 1.320e-01 applied 1.00 reseeds 3636
step 5990 loss 2.48550e-03 |g| 6.76e-02 NIS/dof 1.204e-01 applied 1.00 reseeds 3641
step 5999 loss 2.09906e-03 |g| 6.60e-02 NIS/dof 1.421e-01 applied 1.00 reseeds 3645
== validating on held-out ==
  flat/seed12: baseline={'vel_rmse': 0.07243082843211981, 'vel_nees': 5.652244910222866, 'vel_nees_tangent': 8.20406592240468, 'vel_nees_x': 0.38809673201877953, 'vel_nees_y': 0.3365289144920869, 'vel_nees_z': 2.551950192715003, 'nis_over_dof': 0.02021842311678511, 'applied': 0.9999999999999999}  learned={'vel_rmse': 0.0654062493159913, 'vel_nees': 4.156454541068797, 'vel_nees_tangent': 6.309435613909047, 'vel_nees_x': 0.21949661290387373, 'vel_nees_y': 0.20957804611041056, 'vel_nees_z': 2.162702125492177, 'nis_over_dof': 0.13176128516677718, 'applied': 0.9999999999999999}
  hard_stepping/seed15: baseline={'vel_rmse': 0.06994413366359363, 'vel_nees': 5.379392911581583, 'vel_nees_tangent': 7.1308612769403, 'vel_nees_x': 0.34496405419338383, 'vel_nees_y': 0.2633050049215261, 'vel_nees_z': 2.696530749014422, 'nis_over_dof': 0.015266004811900125, 'applied': 0.9999999999999999}  learned={'vel_rmse': 0.06927533279521486, 'vel_nees': 5.1166260431183455, 'vel_nees_tangent': 8.372660056341617, 'vel_nees_x': 0.28844398523376746, 'vel_nees_y': 0.3566238293044656, 'vel_nees_z': 2.8271893860475137, 'nis_over_dof': 0.12454181192529944, 'applied': 0.9999999999999999}
  stepping_stones/seed14: baseline={'vel_rmse': 0.09596646433054376, 'vel_nees': 7.107344185861491, 'vel_nees_tangent': 10.992794233254639, 'vel_nees_x': 0.4572519599002471, 'vel_nees_y': 0.2934607141402896, 'vel_nees_z': 2.8489072182273847, 'nis_over_dof': 0.028718171843689296, 'applied': 0.9999999999999999}  learned={'vel_rmse': 0.08023843434218592, 'vel_nees': 5.455621174907519, 'vel_nees_tangent': 9.120166166176466, 'vel_nees_x': 0.3147861700268864, 'vel_nees_y': 0.29634737762226343, 'vel_nees_z': 2.2782913788430283, 'nis_over_dof': 0.15749266274285417, 'applied': 0.9999999999999999}
  waves/seed13: baseline={'vel_rmse': 0.06822534885918868, 'vel_nees': 4.23886738820529, 'vel_nees_tangent': 6.618044388551617, 'vel_nees_x': 0.2842580079945029, 'vel_nees_y': 0.17750267505522674, 'vel_nees_z': 2.0936673291488286, 'nis_over_dof': 0.014087394444287615, 'applied': 0.9999999999999999}  learned={'vel_rmse': 0.07603349422352514, 'vel_nees': 4.150111250699844, 'vel_nees_tangent': 7.51600003565157, 'vel_nees_x': 0.36889648279573556, 'vel_nees_y': 0.3001774771851834, 'vel_nees_z': 1.5611461813444758, 'nis_over_dof': 0.13760679697626269, 'applied': 0.9999999999999999}
== summary ==
{
  "run": {
    "dir": "L256_A_l2vel",
    "started_at": "2026-08-09T20:16:41",
    "tag": null,
    "args": {
      "collect": false,
      "train_seeds": [
        0,
        1,
        2,
        3
      ],
      "val_seeds": [
        4,
        5,
        6,
        7
      ],
      "seconds": 45.0,
      "steps": 6000,
      "warmup_steps": 100,
      "time_budget_s": 86400.0,
      "tag": null,
      "out_dir": "results/rand_motion/L256_A_l2vel",
      "contacts_per_foot": 4,
      "objective": "l2_velocity",
      "w_pos": null,
      "w_ori": null,
      "pose_weight_ratio": null,
      "L": 256,
      "remat": false,
      "contact_meas_var": 0.0001,
      "pool": "n8rand"
    }
  },
  "n_train": 12,
  "n_val": 4,
  "steps_run": 6000,
  "final_reseeds": 3645,
  "floored": [],
  "cfg": {
    "F": 30,
    "d_in": 600,
    "H": 20,
    "window_span_s": 0.019,
    "L": 256,
    "B": 32,
    "objective": "l2_velocity",
    "remat": false,
    "contact_meas_var": 0.0001,
    "w_pos": 0.0,
    "w_ori": 0.0,
    "pose_weight_ratio": 0.5,
    "episode_s": 43.0,
    "warm_in_s": 1.0,
    "peak_lr": 0.0001,
    "init_seed": 0,
    "batcher_seed": 0,
    "cmd_ranges": {
      "vx": [
        0.3,
        0.9
      ],
      "vy": [
        0.25,
        0.5
      ],
      "yaw": [
        0.3,
        1.5
      ]
    }
  },
  "wall_s": 10554.62032175064,
  "val": [
    {
      "mode": "flat/seed12",
      "rollout": "flat/seed12",
      "baseline": {
        "vel_rmse": 0.07243082843211981,
        "vel_nees": 5.652244910222866,
        "vel_nees_tangent": 8.20406592240468,
        "vel_nees_x": 0.38809673201877953,
        "vel_nees_y": 0.3365289144920869,
        "vel_nees_z": 2.551950192715003,
        "nis_over_dof": 0.02021842311678511,
        "applied": 0.9999999999999999
      },
      "learned": {
        "vel_rmse": 0.0654062493159913,
        "vel_nees": 4.156454541068797,
        "vel_nees_tangent": 6.309435613909047,
        "vel_nees_x": 0.21949661290387373,
        "vel_nees_y": 0.20957804611041056,
        "vel_nees_z": 2.162702125492177,
        "nis_over_dof": 0.13176128516677718,
        "applied": 0.9999999999999999
      }
    },
    {
      "mode": "hard_stepping/seed15",
      "rollout": "hard_stepping/seed15",
      "baseline": {
        "vel_rmse": 0.06994413366359363,
        "vel_nees": 5.379392911581583,
        "vel_nees_tangent": 7.1308612769403,
        "vel_nees_x": 0.34496405419338383,
        "vel_nees_y": 0.2633050049215261,
        "vel_nees_z": 2.696530749014422,
        "nis_over_dof": 0.015266004811900125,
        "applied": 0.9999999999999999
      },
      "learned": {
        "vel_rmse": 0.06927533279521486,
        "vel_nees": 5.1166260431183455,
        "vel_nees_tangent": 8.372660056341617,
        "vel_nees_x": 0.28844398523376746,
        "vel_nees_y": 0.3566238293044656,
        "vel_nees_z": 2.8271893860475137,
        "nis_over_dof": 0.12454181192529944,
        "applied": 0.9999999999999999
      }
    },
    {
      "mode": "stepping_stones/seed14",
      "rollout": "stepping_stones/seed14",
      "baseline": {
        "vel_rmse": 0.09596646433054376,
        "vel_nees": 7.107344185861491,
        "vel_nees_tangent": 10.992794233254639,
        "vel_nees_x": 0.4572519599002471,
        "vel_nees_y": 0.2934607141402896,
        "vel_nees_z": 2.8489072182273847,
        "nis_over_dof": 0.028718171843689296,
        "applied": 0.9999999999999999
      },
      "learned": {
        "vel_rmse": 0.08023843434218592,
        "vel_nees": 5.455621174907519,
        "vel_nees_tangent": 9.120166166176466,
        "vel_nees_x": 0.3147861700268864,
        "vel_nees_y": 0.29634737762226343,
        "vel_nees_z": 2.2782913788430283,
        "nis_over_dof": 0.15749266274285417,
        "applied": 0.9999999999999999
      }
    },
    {
      "mode": "waves/seed13",
      "rollout": "waves/seed13",
      "baseline": {
        "vel_rmse": 0.06822534885918868,
        "vel_nees": 4.23886738820529,
        "vel_nees_tangent": 6.618044388551617,
        "vel_nees_x": 0.2842580079945029,
        "vel_nees_y": 0.17750267505522674,
        "vel_nees_z": 2.0936673291488286,
        "nis_over_dof": 0.014087394444287615,
        "applied": 0.9999999999999999
      },
      "learned": {
        "vel_rmse": 0.07603349422352514,
        "vel_nees": 4.150111250699844,
        "vel_nees_tangent": 7.51600003565157,
        "vel_nees_x": 0.36889648279573556,
        "vel_nees_y": 0.3001774771851834,
        "vel_nees_z": 1.5611461813444758,
        "nis_over_dof": 0.13760679697626269,
        "applied": 0.9999999999999999
      }
    }
  ],
  "loss_first": 0.2347830979106429,
  "loss_last": 0.0020990645150151636
}
  plots -> /home/llibshutz/alex/invariant-estimation/results/rand_motion/L256_A_l2vel/training.png, /home/llibshutz/alex/invariant-estimation/results/rand_motion/L256_A_l2vel/validation.png
[2026-08-09 23:12:40] stage 3: A_l2vel complete (6000 steps)
[2026-08-09 23:12:40] stage 3: training B_l2velpos (l2_vel_pos) at L=256 on the randomized pool
W0809 23:15:13.052519  135549 cuda_command_buffer.cc:887] Retry CUDA graph instantiation after OOM error
Failed to import warp: No module named 'warp'
Failed to import mujoco_warp: No module named 'warp'
== run directory: /home/llibshutz/alex/invariant-estimation/results/rand_motion/L256_B_l2velpos ==
collector: 9 filtered joints, 8 IMUs, 8 contacts, 4 off-path joints, dt=0.001 (1000 Hz)  [built in 0.9s]
pool 'n8rand': 16 rollouts over {'flat': 4, 'hard_stepping': 4, 'stepping_stones': 4, 'waves': 4}
train rollouts: ['flat_n8rand_seed000.npz', 'flat_n8rand_seed004.npz', 'flat_n8rand_seed008.npz', 'hard_stepping_n8rand_seed003.npz', 'hard_stepping_n8rand_seed007.npz', 'hard_stepping_n8rand_seed011.npz', 'stepping_stones_n8rand_seed002.npz', 'stepping_stones_n8rand_seed006.npz', 'stepping_stones_n8rand_seed010.npz', 'waves_n8rand_seed001.npz', 'waves_n8rand_seed005.npz', 'waves_n8rand_seed009.npz']
val rollouts:   ['flat_n8rand_seed012.npz', 'hard_stepping_n8rand_seed015.npz', 'stepping_stones_n8rand_seed014.npz', 'waves_n8rand_seed013.npz']
== building channel caches ==
  reused flat_n8rand_seed000_feat.npz (cache newer than rollout, channels match)
  reused flat_n8rand_seed004_feat.npz (cache newer than rollout, channels match)
  reused flat_n8rand_seed008_feat.npz (cache newer than rollout, channels match)
  reused hard_stepping_n8rand_seed003_feat.npz (cache newer than rollout, channels match)
  reused hard_stepping_n8rand_seed007_feat.npz (cache newer than rollout, channels match)
  reused hard_stepping_n8rand_seed011_feat.npz (cache newer than rollout, channels match)
  reused stepping_stones_n8rand_seed002_feat.npz (cache newer than rollout, channels match)
  reused stepping_stones_n8rand_seed006_feat.npz (cache newer than rollout, channels match)
  reused stepping_stones_n8rand_seed010_feat.npz (cache newer than rollout, channels match)
  reused waves_n8rand_seed001_feat.npz (cache newer than rollout, channels match)
  reused waves_n8rand_seed005_feat.npz (cache newer than rollout, channels match)
  reused waves_n8rand_seed009_feat.npz (cache newer than rollout, channels match)
  reused flat_n8rand_seed012_feat.npz (cache newer than rollout, channels match)
  reused hard_stepping_n8rand_seed015_feat.npz (cache newer than rollout, channels match)
  reused stepping_stones_n8rand_seed014_feat.npz (cache newer than rollout, channels match)
  reused waves_n8rand_seed013_feat.npz (cache newer than rollout, channels match)
== fitting normalization (train, walking set) ==
  floored channels: []
  cfg: F=30 d_in=600 H=20 (window 19 ms, consecutive ticks) L=256 B=32 objective=l2_vel_pos episode_s=43.0
== preparing rollouts ==
  prepared flat/seed0: T=44000, starts=[16019, 43744] (27726 legal)
  prepared flat/seed4: T=44000, starts=[16019, 43744] (27726 legal)
  prepared flat/seed8: T=44000, starts=[16019, 43744] (27726 legal)
  prepared hard_stepping/seed3: T=44000, starts=[16019, 43744] (27726 legal)
  prepared hard_stepping/seed7: T=44000, starts=[16019, 43744] (27726 legal)
  prepared hard_stepping/seed11: T=44000, starts=[16019, 43744] (27726 legal)
  prepared stepping_stones/seed2: T=44000, starts=[16019, 43744] (27726 legal)
  prepared stepping_stones/seed6: T=44000, starts=[16019, 43744] (27726 legal)
  prepared stepping_stones/seed10: T=44000, starts=[16019, 43744] (27726 legal)
  prepared waves/seed1: T=44000, starts=[16019, 43744] (27726 legal)
  prepared waves/seed5: T=44000, starts=[16019, 43744] (27726 legal)
  prepared waves/seed9: T=44000, starts=[16019, 43744] (27726 legal)
  prepared flat/seed12: T=44000, starts=[16019, 43744] (27726 legal)
  prepared hard_stepping/seed15: T=44000, starts=[16019, 43744] (27726 legal)
  prepared stepping_stones/seed14: T=44000, starts=[16019, 43744] (27726 legal)
  prepared waves/seed13: T=44000, starts=[16019, 43744] (27726 legal)
== re-flooring contact measurement noise: pool collected at 0, training at 0.0001 (delta +0.0001 on diag(sigma_q)) ==
== measuring P0 ==
  P0 from flat/seed0 ticks [16019, 19019): diag(R)=[6.79595063e-05 6.95500321e-05 1.00028024e+00], diag(v)=[0.00087308 0.00086168 0.00019664], diag(p)=[0.12085103 0.11852565 0.11967487], diag(d)=[0.12085059 0.11852473 0.11967518 0.12084845 0.11852462 0.11967535
 0.12084997 0.11852574 0.11967485 0.12084814 0.1185257  0.11967506
 0.12091279 0.11858935 0.11968974 0.12091426 0.11858941 0.11968824
 0.12092024 0.11860034 0.11968205 0.12092167 0.11860046 0.11968046], eig in [1.016e-07, 1.089e+00]
== building network + batcher ==
  pose-weight measurement (warm batch, init net): L_vel=2.348e-01 L_pos=2.630e-02 L_ori=1.055e-02
  pose weights (frozen): w_pos=4.4628e+00 w_ori=0.0000e+00 (ratio=0.5, objective=l2_vel_pos)
== training ==
step    0 loss 3.52175e-01 |g| 1.02e+00 NIS/dof 5.655e+00 applied 1.00 reseeds 1
Traceback (most recent call last):
  File "/home/llibshutz/alex/invariant-estimation/scripts/run_contactnet.py", line 534, in <module>
    main()
  File "/home/llibshutz/alex/invariant-estimation/scripts/run_contactnet.py", line 418, in main
    reseeds += batcher.update(carry)
               ^^^^^^^^^^^^^^^^^^^^^
  File "/home/llibshutz/alex/invariant-estimation/src/invariant_estimation/contactnet/dataset.py", line 494, in update
    if self._needs_reseed(c, per_chain[b]):
       ^^^^^^^^^^^^^^^^^^^^^^^^^^^^^^^^^^^
  File "/home/llibshutz/alex/invariant-estimation/src/invariant_estimation/contactnet/dataset.py", line 470, in _needs_reseed
    return not bool(jnp.all(jnp.isfinite(carry.state.P))
                    ^^^^^^^^^^^^^^^^^^^^^^^^^^^^^^^^^^^^
  File "/home/llibshutz/alex/invariant-estimation/.venv/lib/python3.12/site-packages/jax/_src/array.py", line 296, in __bool__
    return bool(self._value)
                ^^^^^^^^^^^
  File "/home/llibshutz/alex/invariant-estimation/.venv/lib/python3.12/site-packages/jax/_src/profiler.py", line 420, in wrapper
    return func(*args, **kwargs)
           ^^^^^^^^^^^^^^^^^^^^^
  File "/home/llibshutz/alex/invariant-estimation/.venv/lib/python3.12/site-packages/jax/_src/array.py", line 623, in _value
    npy_value, did_copy = self._single_device_array_to_np_array_did_copy()
                          ^^^^^^^^^^^^^^^^^^^^^^^^^^^^^^^^^^^^^^^^^^^^^^^^
jax.errors.JaxRuntimeError: RESOURCE_EXHAUSTED: Underlying backend ran out of memory trying to instantiate command buffer with 144 (total of 12 alive graphs in the process). You can try to (a) Give more memory to the driver by reducing XLA_CLIENT_MEM_FRACTION (b) Disable command buffers with 'XLA_FLAGS=--xla_gpu_enable_command_buffer=' (empty set). Original error: Failed to instantiate CUDA graph: CUDA_ERROR_OUT_OF_MEMORY: out of memory [executable_name='jit__reduce_all']
[2026-08-09 23:15:14] !! stage 3: B_l2velpos FAILED (steps_run=-1)
[2026-08-09 23:15:14] stage 4: drift for the randomized nets, evaluated on the n8fix walking held-out set
Failed to import warp: No module named 'warp'
Failed to import mujoco_warp: No module named 'warp'
cells: ['L256_A_l2vel']
collector: 9 filtered joints, 8 IMUs, 8 contacts, 4 off-path joints, dt=0.001 (1000 Hz)  [built in 0.9s]
held-out: ['flat_n8fix_seed028.npz', 'hard_stepping_n8fix_seed027.npz', 'stepping_stones_n8fix_seed022.npz', 'waves_n8fix_seed025.npz']
  reused flat_n8fix_seed000_feat.npz (cache newer than rollout, channels match)
  reused flat_n8fix_seed004_feat.npz (cache newer than rollout, channels match)
  reused flat_n8fix_seed008_feat.npz (cache newer than rollout, channels match)
  reused flat_n8fix_seed012_feat.npz (cache newer than rollout, channels match)
  reused flat_n8fix_seed016_feat.npz (cache newer than rollout, channels match)
  reused flat_n8fix_seed020_feat.npz (cache newer than rollout, channels match)
  reused flat_n8fix_seed024_feat.npz (cache newer than rollout, channels match)
  reused hard_stepping_n8fix_seed003_feat.npz (cache newer than rollout, channels match)
  reused hard_stepping_n8fix_seed007_feat.npz (cache newer than rollout, channels match)
  reused hard_stepping_n8fix_seed011_feat.npz (cache newer than rollout, channels match)
  reused hard_stepping_n8fix_seed015_feat.npz (cache newer than rollout, channels match)
  reused hard_stepping_n8fix_seed019_feat.npz (cache newer than rollout, channels match)
  reused hard_stepping_n8fix_seed023_feat.npz (cache newer than rollout, channels match)
  reused stepping_stones_n8fix_seed006_feat.npz (cache newer than rollout, channels match)
  reused stepping_stones_n8fix_seed014_feat.npz (cache newer than rollout, channels match)
  reused stepping_stones_n8fix_seed018_feat.npz (cache newer than rollout, channels match)
  reused waves_n8fix_seed001_feat.npz (cache newer than rollout, channels match)
  reused waves_n8fix_seed005_feat.npz (cache newer than rollout, channels match)
  reused waves_n8fix_seed009_feat.npz (cache newer than rollout, channels match)
  reused waves_n8fix_seed017_feat.npz (cache newer than rollout, channels match)
  reused waves_n8fix_seed021_feat.npz (cache newer than rollout, channels match)
  reused flat_n8fix_seed028_feat.npz (cache newer than rollout, channels match)
  reused hard_stepping_n8fix_seed027_feat.npz (cache newer than rollout, channels match)
  reused stepping_stones_n8fix_seed022_feat.npz (cache newer than rollout, channels match)
  reused waves_n8fix_seed025_feat.npz (cache newer than rollout, channels match)
1 distinct normalization(s) across 1 cells
Traceback (most recent call last):
  File "/home/llibshutz/alex/invariant-estimation/scripts/drift_backfill.py", line 231, in <module>
    main()
  File "/home/llibshutz/alex/invariant-estimation/scripts/drift_backfill.py", line 176, in main
    P0 = dataset.measure_p0(c.fused, train_preps[0], cfg, ticks=3000)
         ^^^^^^^^^^^^^^^^^^^^^^^^^^^^^^^^^^^^^^^^^^^^^^^^^^^^^^^^^^^^
  File "/home/llibshutz/alex/invariant-estimation/src/invariant_estimation/contactnet/dataset.py", line 536, in measure_p0
    P = np.asarray(carry.state.P, dtype=np.float64)
        ^^^^^^^^^^^^^^^^^^^^^^^^^^^^^^^^^^^^^^^^^^^
  File "/home/llibshutz/alex/invariant-estimation/.venv/lib/python3.12/site-packages/jax/_src/array.py", line 414, in __array__
    return np.asarray(self._value, dtype=dtype, **kwds)  # pyrefly: ignore[no-matching-overload]
                      ^^^^^^^^^^^
  File "/home/llibshutz/alex/invariant-estimation/.venv/lib/python3.12/site-packages/jax/_src/profiler.py", line 420, in wrapper
    return func(*args, **kwargs)
           ^^^^^^^^^^^^^^^^^^^^^
  File "/home/llibshutz/alex/invariant-estimation/.venv/lib/python3.12/site-packages/jax/_src/array.py", line 623, in _value
    npy_value, did_copy = self._single_device_array_to_np_array_did_copy()
                          ^^^^^^^^^^^^^^^^^^^^^^^^^^^^^^^^^^^^^^^^^^^^^^^^
jax.errors.JaxRuntimeError: RESOURCE_EXHAUSTED: [0] Failed to get module function loop_concatenate_fusion_1: CUDA_ERROR_OUT_OF_MEMORY: out of memory [executable_name='jit_scan']
[2026-08-09 23:16:01] === overnight complete ===
[2026-08-09 23:16:01]   L-ablation drift : results/l_ablation/drift_backfill.json
[2026-08-09 23:16:01]   randomized drift : results/rand_motion/drift_rand_on_walking.json
