[2026-08-10 00:38:16] [stage2] per-terrain re-evaluation at contact_meas_var=3e-5
Failed to import warp: No module named 'warp'
Failed to import mujoco_warp: No module named 'warp'
cells: ['L256_A_l2vel', 'L256_C_l2velori']
collector: 9 filtered joints, 8 IMUs, 8 contacts, 4 off-path joints, dt=0.001 (1000 Hz)  [built in 0.9s]
held-out: ['flat_n8fix_seed028.npz', 'hard_stepping_n8fix_seed027.npz', 'stepping_stones_n8fix_seed022.npz', 'waves_n8fix_seed025.npz']
  reused flat_n8fix_seed000_feat.npz (cache newer than rollout, channels match)
  reused flat_n8fix_seed004_feat.npz (cache newer than rollout, channels match)
  reused flat_n8fix_seed008_feat.npz (cache newer than rollout, channels match)
  reused flat_n8fix_seed012_feat.npz (cache newer than rollout, channels match)
  reused flat_n8fix_seed016_feat.npz (cache newer than rollout, channels match)
  reused flat_n8fix_seed020_feat.npz (cache newer than rollout, channels match)
  reused flat_n8fix_seed024_feat.npz (cache newer than rollout, channels match)
  reused hard_stepping_n8fix_seed003_feat.npz (cache newer than rollout, channels match)
  reused hard_stepping_n8fix_seed007_feat.npz (cache newer than rollout, channels match)
  reused hard_stepping_n8fix_seed011_feat.npz (cache newer than rollout, channels match)
  reused hard_stepping_n8fix_seed015_feat.npz (cache newer than rollout, channels match)
  reused hard_stepping_n8fix_seed019_feat.npz (cache newer than rollout, channels match)
  reused hard_stepping_n8fix_seed023_feat.npz (cache newer than rollout, channels match)
  reused stepping_stones_n8fix_seed006_feat.npz (cache newer than rollout, channels match)
  reused stepping_stones_n8fix_seed014_feat.npz (cache newer than rollout, channels match)
  reused stepping_stones_n8fix_seed018_feat.npz (cache newer than rollout, channels match)
  reused waves_n8fix_seed001_feat.npz (cache newer than rollout, channels match)
  reused waves_n8fix_seed005_feat.npz (cache newer than rollout, channels match)
  reused waves_n8fix_seed009_feat.npz (cache newer than rollout, channels match)
  reused waves_n8fix_seed017_feat.npz (cache newer than rollout, channels match)
  reused waves_n8fix_seed021_feat.npz (cache newer than rollout, channels match)
  reused flat_n8fix_seed028_feat.npz (cache newer than rollout, channels match)
  reused hard_stepping_n8fix_seed027_feat.npz (cache newer than rollout, channels match)
  reused stepping_stones_n8fix_seed022_feat.npz (cache newer than rollout, channels match)
  reused waves_n8fix_seed025_feat.npz (cache newer than rollout, channels match)
1 distinct normalization(s) across 2 cells
  P0 from flat/seed0 ticks [16019, 19019): diag(R)=[6.53242513e-05 6.80203740e-05 1.00027750e+00], diag(v)=[0.00074707 0.00071983 0.00017741], diag(p)=[0.12280128 0.12091821 0.12133538], diag(d)=[0.12280045 0.12091772 0.1213362  0.12279905 0.12091729 0.12133609
 0.1228005  0.1209206  0.12133552 0.1227994  0.12092031 0.1213355
 0.12281296 0.1209371  0.12134762 0.12281259 0.12093799 0.12134666
 0.12282139 0.12094288 0.12133879 0.12280293 0.12091693 0.12133645], eig in [4.359e-08, 1.151e+00]
  L256_A_l2vel           drift_z +0.00050 m/s (analytic -0.01160)  rmse 0.0487
  L256_C_l2velori        drift_z +0.00154 m/s (analytic -0.01160)  rmse 0.0476

### Drift vs the metric the arms were selected on (28 s of held-out walking per rollout)

| cell | L | vel RMSE | |drift_z| [m/s] | analytic | ratio | final e_z | horiz % |
|---|---|---|---|---|---|---|---|
| L256_A_l2vel | 256 | 0.0487 | 0.00050 | 0.01160 | 0.04x | +0.020 | 1.20 |
| L256_C_l2velori | 256 | 0.0476 | 0.00154 | 0.01160 | 0.13x | +0.061 | 0.67 |

rank by |drift_z| : ['L256_A_l2vel', 'L256_C_l2velori']
rank by vel_rmse  : ['L256_C_l2velori', 'L256_A_l2vel']
[2026-08-10 00:46:18] [stage2] per-terrain re-evaluation at contact_meas_var=1e-4
Failed to import warp: No module named 'warp'
Failed to import mujoco_warp: No module named 'warp'
cells: ['L256_A_l2vel', 'L256_C_l2velori']
collector: 9 filtered joints, 8 IMUs, 8 contacts, 4 off-path joints, dt=0.001 (1000 Hz)  [built in 0.9s]
held-out: ['flat_n8fix_seed028.npz', 'hard_stepping_n8fix_seed027.npz', 'stepping_stones_n8fix_seed022.npz', 'waves_n8fix_seed025.npz']
  reused flat_n8fix_seed000_feat.npz (cache newer than rollout, channels match)
  reused flat_n8fix_seed004_feat.npz (cache newer than rollout, channels match)
  reused flat_n8fix_seed008_feat.npz (cache newer than rollout, channels match)
  reused flat_n8fix_seed012_feat.npz (cache newer than rollout, channels match)
  reused flat_n8fix_seed016_feat.npz (cache newer than rollout, channels match)
  reused flat_n8fix_seed020_feat.npz (cache newer than rollout, channels match)
  reused flat_n8fix_seed024_feat.npz (cache newer than rollout, channels match)
  reused hard_stepping_n8fix_seed003_feat.npz (cache newer than rollout, channels match)
  reused hard_stepping_n8fix_seed007_feat.npz (cache newer than rollout, channels match)
  reused hard_stepping_n8fix_seed011_feat.npz (cache newer than rollout, channels match)
  reused hard_stepping_n8fix_seed015_feat.npz (cache newer than rollout, channels match)
  reused hard_stepping_n8fix_seed019_feat.npz (cache newer than rollout, channels match)
  reused hard_stepping_n8fix_seed023_feat.npz (cache newer than rollout, channels match)
  reused stepping_stones_n8fix_seed006_feat.npz (cache newer than rollout, channels match)
  reused stepping_stones_n8fix_seed014_feat.npz (cache newer than rollout, channels match)
  reused stepping_stones_n8fix_seed018_feat.npz (cache newer than rollout, channels match)
  reused waves_n8fix_seed001_feat.npz (cache newer than rollout, channels match)
  reused waves_n8fix_seed005_feat.npz (cache newer than rollout, channels match)
  reused waves_n8fix_seed009_feat.npz (cache newer than rollout, channels match)
  reused waves_n8fix_seed017_feat.npz (cache newer than rollout, channels match)
  reused waves_n8fix_seed021_feat.npz (cache newer than rollout, channels match)
  reused flat_n8fix_seed028_feat.npz (cache newer than rollout, channels match)
  reused hard_stepping_n8fix_seed027_feat.npz (cache newer than rollout, channels match)
  reused stepping_stones_n8fix_seed022_feat.npz (cache newer than rollout, channels match)
  reused waves_n8fix_seed025_feat.npz (cache newer than rollout, channels match)
1 distinct normalization(s) across 2 cells
  P0 from flat/seed0 ticks [16019, 19019): diag(R)=[6.64983805e-05 6.89037297e-05 1.00027989e+00], diag(v)=[0.00079118 0.00077245 0.00018433], diag(p)=[0.12287249 0.12097755 0.12140872], diag(d)=[0.12287031 0.12097683 0.12141024 0.12286839 0.12097627 0.1214101
 0.1228721  0.12098173 0.12140916 0.12287092 0.12098141 0.12140908
 0.12291139 0.12104048 0.12144945 0.12291014 0.12104344 0.12144625
 0.12293942 0.12105974 0.12142006 0.12287423 0.12097469 0.12141085], eig in [8.791e-08, 1.152e+00]
  L256_A_l2vel           drift_z -0.00268 m/s (analytic -0.01044)  rmse 0.0487
  L256_C_l2velori        drift_z -0.00332 m/s (analytic -0.01044)  rmse 0.0476

### Drift vs the metric the arms were selected on (28 s of held-out walking per rollout)

| cell | L | vel RMSE | |drift_z| [m/s] | analytic | ratio | final e_z | horiz % |
|---|---|---|---|---|---|---|---|
| L256_A_l2vel | 256 | 0.0487 | 0.00268 | 0.01044 | 0.26x | -0.056 | 1.03 |
| L256_C_l2velori | 256 | 0.0476 | 0.00332 | 0.01044 | 0.32x | -0.074 | 0.51 |

rank by |drift_z| : ['L256_A_l2vel', 'L256_C_l2velori']
rank by vel_rmse  : ['L256_C_l2velori', 'L256_A_l2vel']
[2026-08-10 00:54:22] [stage2] --- sweep table with the sign-consistency column ---

| floor | cell | |drift_z| | final e_z | NIS/dof (→1) | analytic NIS | sign agrees |
|---|---|---|---|---|---|---|
| 0 | L256_A_l2vel | 0.00003 | -0.111 | 0.301 | 0.010 | ? |
| 0 | L256_C_l2velori | 0.01816 | +0.440 | 0.244 | 0.010 | ? |
| 3e-5 | L256_A_l2vel | 0.00050 | +0.020 | 0.071 | 0.003 | **MIXED** |
| 3e-5 | L256_C_l2velori | 0.00154 | +0.061 | 0.046 | 0.003 | **MIXED** |
| 1e-4 | L256_A_l2vel | 0.00268 | -0.056 | 0.046 | 0.003 | **MIXED** |
| 1e-4 | L256_C_l2velori | 0.00332 | -0.074 | 0.029 | 0.003 | **MIXED** |
| 3e-4 | L256_A_l2vel | 0.00465 | -0.110 | 0.031 | 0.002 | ? |
| 3e-4 | L256_C_l2velori | 0.00555 | -0.139 | 0.020 | 0.002 | ? |

| floor | mean |drift_z| | mean final e_z | mean NIS/dof | combined |
|---|---|---|---|---|
| 0 | 0.00910 | +0.165 | 0.272 | 0.6525 |
| 3e-5 | 0.00102 | +0.041 | 0.059 | 0.1622 |
| 1e-4 | 0.00300 | -0.065 | 0.037 | 0.2835 |
| 3e-4 | 0.00510 | -0.125 | 0.026 | 0.5880 |

combined = |final e_z| * (1 + |log NIS/dof|): lower is better on BOTH axes at once. Read the columns too -- if drift and NIS pull in opposite directions, the combined number hides the tension that IS the result.
1e-04  L256_A_l2vel     flat:-0.029  hard_steppin:-0.181  stepping_sto:+0.085  waves:-0.099
1e-04  L256_C_l2velori  flat:-0.011  hard_steppin:-0.174  stepping_sto:+0.002  waves:-0.113
3e-05  L256_A_l2vel     flat:+0.066  hard_steppin:-0.091  stepping_sto:+0.149  waves:-0.042
3e-05  L256_C_l2velori  flat:+0.149  hard_steppin:-0.006  stepping_sto:+0.111  waves:-0.009
[2026-08-10 00:54:23] [stage2] selected contact_meas_var=3e-4 (mixed-sign floors disqualified)
[2026-08-10 00:54:23] [stage2] retrain L256_A_l2vel (l2_velocity) at L=256, contact_meas_var=3e-4
