[2026-08-10 00:57:09] [stage3] per-terrain verification at contact_meas_var=3e-4
Failed to import warp: No module named 'warp'
Failed to import mujoco_warp: No module named 'warp'
cells: ['L256_A_l2vel', 'L256_C_l2velori']
collector: 9 filtered joints, 8 IMUs, 8 contacts, 4 off-path joints, dt=0.001 (1000 Hz)  [built in 0.9s]
held-out: ['flat_n8fix_seed028.npz', 'hard_stepping_n8fix_seed027.npz', 'stepping_stones_n8fix_seed022.npz', 'waves_n8fix_seed025.npz']
  reused flat_n8fix_seed000_feat.npz (cache newer than rollout, channels match)
  reused flat_n8fix_seed004_feat.npz (cache newer than rollout, channels match)
  reused flat_n8fix_seed008_feat.npz (cache newer than rollout, channels match)
  reused flat_n8fix_seed012_feat.npz (cache newer than rollout, channels match)
  reused flat_n8fix_seed016_feat.npz (cache newer than rollout, channels match)
  reused flat_n8fix_seed020_feat.npz (cache newer than rollout, channels match)
  reused flat_n8fix_seed024_feat.npz (cache newer than rollout, channels match)
  reused hard_stepping_n8fix_seed003_feat.npz (cache newer than rollout, channels match)
  reused hard_stepping_n8fix_seed007_feat.npz (cache newer than rollout, channels match)
  reused hard_stepping_n8fix_seed011_feat.npz (cache newer than rollout, channels match)
  reused hard_stepping_n8fix_seed015_feat.npz (cache newer than rollout, channels match)
  reused hard_stepping_n8fix_seed019_feat.npz (cache newer than rollout, channels match)
  reused hard_stepping_n8fix_seed023_feat.npz (cache newer than rollout, channels match)
  reused stepping_stones_n8fix_seed006_feat.npz (cache newer than rollout, channels match)
  reused stepping_stones_n8fix_seed014_feat.npz (cache newer than rollout, channels match)
  reused stepping_stones_n8fix_seed018_feat.npz (cache newer than rollout, channels match)
  reused waves_n8fix_seed001_feat.npz (cache newer than rollout, channels match)
  reused waves_n8fix_seed005_feat.npz (cache newer than rollout, channels match)
  reused waves_n8fix_seed009_feat.npz (cache newer than rollout, channels match)
  reused waves_n8fix_seed017_feat.npz (cache newer than rollout, channels match)
  reused waves_n8fix_seed021_feat.npz (cache newer than rollout, channels match)
  reused flat_n8fix_seed028_feat.npz (cache newer than rollout, channels match)
  reused hard_stepping_n8fix_seed027_feat.npz (cache newer than rollout, channels match)
  reused stepping_stones_n8fix_seed022_feat.npz (cache newer than rollout, channels match)
  reused waves_n8fix_seed025_feat.npz (cache newer than rollout, channels match)
1 distinct normalization(s) across 2 cells
  P0 from flat/seed0 ticks [16019, 19019): diag(R)=[6.83418768e-05 7.03353401e-05 1.00028284e+00], diag(v)=[0.00086241 0.00085691 0.00019555], diag(p)=[0.12296894 0.12106344 0.12152917], diag(d)=[0.12296602 0.12106296 0.1215312  0.12296431 0.12106267 0.12153092
 0.12297192 0.12107217 0.12153041 0.12297109 0.12107196 0.12153022
 0.12308545 0.12125194 0.12165114 0.12308172 0.1212608  0.12164158
 0.12316938 0.12130954 0.12156312 0.12296928 0.12105721 0.12153309], eig in [1.609e-07, 1.153e+00]
  L256_A_l2vel           drift_z -0.00465 m/s (analytic -0.00902)  rmse 0.0487
  L256_C_l2velori        drift_z -0.00555 m/s (analytic -0.00902)  rmse 0.0476

### Drift vs the metric the arms were selected on (28 s of held-out walking per rollout)

| cell | L | vel RMSE | |drift_z| [m/s] | analytic | ratio | final e_z | horiz % |
|---|---|---|---|---|---|---|---|
| L256_A_l2vel | 256 | 0.0487 | 0.00465 | 0.00902 | 0.52x | -0.110 | 0.85 |
| L256_C_l2velori | 256 | 0.0476 | 0.00555 | 0.00902 | 0.62x | -0.139 | 0.49 |

rank by |drift_z| : ['L256_A_l2vel', 'L256_C_l2velori']
rank by vel_rmse  : ['L256_C_l2velori', 'L256_A_l2vel']
[2026-08-10 01:05:06] [stage3] per-terrain verification at contact_meas_var=1e-3
Failed to import warp: No module named 'warp'
Failed to import mujoco_warp: No module named 'warp'
cells: ['L256_A_l2vel', 'L256_C_l2velori']
collector: 9 filtered joints, 8 IMUs, 8 contacts, 4 off-path joints, dt=0.001 (1000 Hz)  [built in 0.9s]
held-out: ['flat_n8fix_seed028.npz', 'hard_stepping_n8fix_seed027.npz', 'stepping_stones_n8fix_seed022.npz', 'waves_n8fix_seed025.npz']
  reused flat_n8fix_seed000_feat.npz (cache newer than rollout, channels match)
  reused flat_n8fix_seed004_feat.npz (cache newer than rollout, channels match)
  reused flat_n8fix_seed008_feat.npz (cache newer than rollout, channels match)
  reused flat_n8fix_seed012_feat.npz (cache newer than rollout, channels match)
  reused flat_n8fix_seed016_feat.npz (cache newer than rollout, channels match)
  reused flat_n8fix_seed020_feat.npz (cache newer than rollout, channels match)
  reused flat_n8fix_seed024_feat.npz (cache newer than rollout, channels match)
  reused hard_stepping_n8fix_seed003_feat.npz (cache newer than rollout, channels match)
  reused hard_stepping_n8fix_seed007_feat.npz (cache newer than rollout, channels match)
  reused hard_stepping_n8fix_seed011_feat.npz (cache newer than rollout, channels match)
  reused hard_stepping_n8fix_seed015_feat.npz (cache newer than rollout, channels match)
  reused hard_stepping_n8fix_seed019_feat.npz (cache newer than rollout, channels match)
  reused hard_stepping_n8fix_seed023_feat.npz (cache newer than rollout, channels match)
  reused stepping_stones_n8fix_seed006_feat.npz (cache newer than rollout, channels match)
  reused stepping_stones_n8fix_seed014_feat.npz (cache newer than rollout, channels match)
  reused stepping_stones_n8fix_seed018_feat.npz (cache newer than rollout, channels match)
  reused waves_n8fix_seed001_feat.npz (cache newer than rollout, channels match)
  reused waves_n8fix_seed005_feat.npz (cache newer than rollout, channels match)
  reused waves_n8fix_seed009_feat.npz (cache newer than rollout, channels match)
  reused waves_n8fix_seed017_feat.npz (cache newer than rollout, channels match)
  reused waves_n8fix_seed021_feat.npz (cache newer than rollout, channels match)
  reused flat_n8fix_seed028_feat.npz (cache newer than rollout, channels match)
  reused hard_stepping_n8fix_seed027_feat.npz (cache newer than rollout, channels match)
  reused stepping_stones_n8fix_seed022_feat.npz (cache newer than rollout, channels match)
  reused waves_n8fix_seed025_feat.npz (cache newer than rollout, channels match)
1 distinct normalization(s) across 2 cells
  P0 from flat/seed0 ticks [16019, 19019): diag(R)=[7.14802905e-05 7.28271671e-05 1.00028709e+00], diag(v)=[0.00098694 0.00100345 0.00021596], diag(p)=[0.12313766 0.12121895 0.1217686 ], diag(d)=[0.12313923 0.12122268 0.12177008 0.1231391  0.1212237  0.12176936
 0.123156   0.12124462 0.12177215 0.12315667 0.12124496 0.12177252
 0.12352416 0.12184401 0.12217279 0.1235117  0.1218735  0.12214136
 0.12380212 0.12203411 0.12188118 0.12313454 0.12120552 0.12177555], eig in [3.101e-07, 1.156e+00]
  L256_A_l2vel           drift_z -0.00542 m/s (analytic -0.00711)  rmse 0.0487
  L256_C_l2velori        drift_z -0.00638 m/s (analytic -0.00711)  rmse 0.0476

### Drift vs the metric the arms were selected on (28 s of held-out walking per rollout)

| cell | L | vel RMSE | |drift_z| [m/s] | analytic | ratio | final e_z | horiz % |
|---|---|---|---|---|---|---|---|
| L256_A_l2vel | 256 | 0.0487 | 0.00542 | 0.00711 | 0.76x | -0.133 | 0.69 |
| L256_C_l2velori | 256 | 0.0476 | 0.00638 | 0.00711 | 0.90x | -0.165 | 0.49 |

rank by |drift_z| : ['L256_A_l2vel', 'L256_C_l2velori']
rank by vel_rmse  : ['L256_C_l2velori', 'L256_A_l2vel']
[2026-08-10 01:13:02] [stage3] --- full table ---

| floor | cell | |drift_z| | final e_z | NIS/dof (→1) | analytic NIS | sign agrees |
|---|---|---|---|---|---|---|
| 0 | L256_A_l2vel | 0.00003 | -0.111 | 0.301 | 0.010 | ? |
| 0 | L256_C_l2velori | 0.01816 | +0.440 | 0.244 | 0.010 | ? |
| 3e-5 | L256_A_l2vel | 0.00050 | +0.020 | 0.071 | 0.003 | **MIXED** |
| 3e-5 | L256_C_l2velori | 0.00154 | +0.061 | 0.046 | 0.003 | **MIXED** |
| 1e-4 | L256_A_l2vel | 0.00268 | -0.056 | 0.046 | 0.003 | **MIXED** |
| 1e-4 | L256_C_l2velori | 0.00332 | -0.074 | 0.029 | 0.003 | **MIXED** |
| 3e-4 | L256_A_l2vel | 0.00465 | -0.110 | 0.031 | 0.002 | **MIXED** |
| 3e-4 | L256_C_l2velori | 0.00555 | -0.139 | 0.020 | 0.002 | yes |
| 1e-3 | L256_A_l2vel | 0.00542 | -0.133 | 0.022 | 0.001 | yes |
| 1e-3 | L256_C_l2velori | 0.00638 | -0.165 | 0.014 | 0.001 | yes |

| floor | mean |drift_z| | mean final e_z | mean NIS/dof | combined |
|---|---|---|---|---|
| 0 | 0.00910 | +0.165 | 0.272 | 0.6525 |
| 3e-5 | 0.00102 | +0.041 | 0.059 | 0.1622 |
| 1e-4 | 0.00300 | -0.065 | 0.037 | 0.2835 |
| 3e-4 | 0.00510 | -0.125 | 0.026 | 0.5880 |
| 1e-3 | 0.00590 | -0.149 | 0.018 | 0.7553 |

combined = |final e_z| * (1 + |log NIS/dof|): lower is better on BOTH axes at once. Read the columns too -- if drift and NIS pull in opposite directions, the combined number hides the tension that IS the result.
[2026-08-10 01:13:03] [stage3] selected contact_meas_var=1e-3 (verified sign-consistent on all four terrains)
[2026-08-10 01:13:03] [stage3] retrain L256_A_l2vel (l2_velocity) at L=256, contact_meas_var=1e-3
