[2026-08-09 23:58:32] === z-drift pivot: floor sweep then retrain ===
[2026-08-09 23:58:32] sweep: contact_meas_var=0
Failed to import warp: No module named 'warp'
Failed to import mujoco_warp: No module named 'warp'
cells: ['L256_A_l2vel', 'L256_C_l2velori']
collector: 9 filtered joints, 8 IMUs, 8 contacts, 4 off-path joints, dt=0.001 (1000 Hz)  [built in 0.9s]
held-out: ['flat_n8fix_seed028.npz', 'hard_stepping_n8fix_seed027.npz', 'stepping_stones_n8fix_seed022.npz', 'waves_n8fix_seed025.npz']
  reused flat_n8fix_seed000_feat.npz (cache newer than rollout, channels match)
  reused flat_n8fix_seed004_feat.npz (cache newer than rollout, channels match)
  reused flat_n8fix_seed008_feat.npz (cache newer than rollout, channels match)
  reused flat_n8fix_seed012_feat.npz (cache newer than rollout, channels match)
  reused flat_n8fix_seed016_feat.npz (cache newer than rollout, channels match)
  reused flat_n8fix_seed020_feat.npz (cache newer than rollout, channels match)
  reused flat_n8fix_seed024_feat.npz (cache newer than rollout, channels match)
  reused hard_stepping_n8fix_seed003_feat.npz (cache newer than rollout, channels match)
  reused hard_stepping_n8fix_seed007_feat.npz (cache newer than rollout, channels match)
  reused hard_stepping_n8fix_seed011_feat.npz (cache newer than rollout, channels match)
  reused hard_stepping_n8fix_seed015_feat.npz (cache newer than rollout, channels match)
  reused hard_stepping_n8fix_seed019_feat.npz (cache newer than rollout, channels match)
  reused hard_stepping_n8fix_seed023_feat.npz (cache newer than rollout, channels match)
  reused stepping_stones_n8fix_seed006_feat.npz (cache newer than rollout, channels match)
  reused stepping_stones_n8fix_seed014_feat.npz (cache newer than rollout, channels match)
  reused stepping_stones_n8fix_seed018_feat.npz (cache newer than rollout, channels match)
  reused waves_n8fix_seed001_feat.npz (cache newer than rollout, channels match)
  reused waves_n8fix_seed005_feat.npz (cache newer than rollout, channels match)
  reused waves_n8fix_seed009_feat.npz (cache newer than rollout, channels match)
  reused waves_n8fix_seed017_feat.npz (cache newer than rollout, channels match)
  reused waves_n8fix_seed021_feat.npz (cache newer than rollout, channels match)
  reused flat_n8fix_seed028_feat.npz (cache newer than rollout, channels match)
  reused hard_stepping_n8fix_seed027_feat.npz (cache newer than rollout, channels match)
  reused stepping_stones_n8fix_seed022_feat.npz (cache newer than rollout, channels match)
  reused waves_n8fix_seed025_feat.npz (cache newer than rollout, channels match)
1 distinct normalization(s) across 2 cells
  P0 from flat/seed0 ticks [16019, 19019): diag(R)=[6.40571118e-05 6.71245090e-05 1.00027367e+00], diag(v)=[0.00070236 0.00066632 0.00016959], diag(p)=[0.12268351 0.12084981 0.12124315], diag(d)=[0.12268351 0.12084981 0.12124316 0.1226835  0.12084981 0.12124315
 0.12268351 0.12084983 0.12124315 0.1226835  0.12084983 0.12124315
 0.12268352 0.12084982 0.12124317 0.12268352 0.12084982 0.12124317
 0.12268353 0.12084982 0.12124316 0.12268354 0.12084982 0.12124316], eig in [2.629e-10, 1.149e+00]
  L256_A_l2vel           drift_z +0.00003 m/s (analytic -0.01329)  rmse 0.0487
  L256_C_l2velori        drift_z +0.01816 m/s (analytic -0.01329)  rmse 0.0476

### Drift vs the metric the arms were selected on (28 s of held-out walking per rollout)

| cell | L | vel RMSE | |drift_z| [m/s] | analytic | ratio | final e_z | horiz % |
|---|---|---|---|---|---|---|---|
| L256_A_l2vel | 256 | 0.0487 | 0.00003 | 0.01329 | 0.00x | -0.111 | 7.38 |
| L256_C_l2velori | 256 | 0.0476 | 0.01816 | 0.01329 | 1.37x | +0.440 | 5.87 |

rank by |drift_z| : ['L256_A_l2vel', 'L256_C_l2velori']
rank by vel_rmse  : ['L256_C_l2velori', 'L256_A_l2vel']
[2026-08-10 00:06:54] sweep: contact_meas_var=3e-5
Failed to import warp: No module named 'warp'
Failed to import mujoco_warp: No module named 'warp'
cells: ['L256_A_l2vel', 'L256_C_l2velori']
collector: 9 filtered joints, 8 IMUs, 8 contacts, 4 off-path joints, dt=0.001 (1000 Hz)  [built in 0.9s]
held-out: ['flat_n8fix_seed028.npz', 'hard_stepping_n8fix_seed027.npz', 'stepping_stones_n8fix_seed022.npz', 'waves_n8fix_seed025.npz']
  reused flat_n8fix_seed000_feat.npz (cache newer than rollout, channels match)
  reused flat_n8fix_seed004_feat.npz (cache newer than rollout, channels match)
  reused flat_n8fix_seed008_feat.npz (cache newer than rollout, channels match)
  reused flat_n8fix_seed012_feat.npz (cache newer than rollout, channels match)
  reused flat_n8fix_seed016_feat.npz (cache newer than rollout, channels match)
  reused flat_n8fix_seed020_feat.npz (cache newer than rollout, channels match)
  reused flat_n8fix_seed024_feat.npz (cache newer than rollout, channels match)
  reused hard_stepping_n8fix_seed003_feat.npz (cache newer than rollout, channels match)
  reused hard_stepping_n8fix_seed007_feat.npz (cache newer than rollout, channels match)
  reused hard_stepping_n8fix_seed011_feat.npz (cache newer than rollout, channels match)
  reused hard_stepping_n8fix_seed015_feat.npz (cache newer than rollout, channels match)
  reused hard_stepping_n8fix_seed019_feat.npz (cache newer than rollout, channels match)
  reused hard_stepping_n8fix_seed023_feat.npz (cache newer than rollout, channels match)
  reused stepping_stones_n8fix_seed006_feat.npz (cache newer than rollout, channels match)
  reused stepping_stones_n8fix_seed014_feat.npz (cache newer than rollout, channels match)
  reused stepping_stones_n8fix_seed018_feat.npz (cache newer than rollout, channels match)
  reused waves_n8fix_seed001_feat.npz (cache newer than rollout, channels match)
  reused waves_n8fix_seed005_feat.npz (cache newer than rollout, channels match)
  reused waves_n8fix_seed009_feat.npz (cache newer than rollout, channels match)
  reused waves_n8fix_seed017_feat.npz (cache newer than rollout, channels match)
  reused waves_n8fix_seed021_feat.npz (cache newer than rollout, channels match)
  reused flat_n8fix_seed028_feat.npz (cache newer than rollout, channels match)
  reused hard_stepping_n8fix_seed027_feat.npz (cache newer than rollout, channels match)
  reused stepping_stones_n8fix_seed022_feat.npz (cache newer than rollout, channels match)
  reused waves_n8fix_seed025_feat.npz (cache newer than rollout, channels match)
1 distinct normalization(s) across 2 cells
  P0 from flat/seed0 ticks [16019, 19019): diag(R)=[6.53242513e-05 6.80203740e-05 1.00027750e+00], diag(v)=[0.00074707 0.00071983 0.00017741], diag(p)=[0.12280128 0.12091821 0.12133538], diag(d)=[0.12280045 0.12091772 0.1213362  0.12279905 0.12091729 0.12133609
 0.1228005  0.1209206  0.12133552 0.1227994  0.12092031 0.1213355
 0.12281296 0.1209371  0.12134762 0.12281259 0.12093799 0.12134666
 0.12282139 0.12094288 0.12133879 0.12280293 0.12091693 0.12133645], eig in [4.359e-08, 1.151e+00]
  L256_A_l2vel           drift_z +0.00050 m/s (analytic -0.01160)  rmse 0.0487
  L256_C_l2velori        drift_z +0.00154 m/s (analytic -0.01160)  rmse 0.0476

### Drift vs the metric the arms were selected on (28 s of held-out walking per rollout)

| cell | L | vel RMSE | |drift_z| [m/s] | analytic | ratio | final e_z | horiz % |
|---|---|---|---|---|---|---|---|
| L256_A_l2vel | 256 | 0.0487 | 0.00050 | 0.01160 | 0.04x | +0.020 | 1.20 |
| L256_C_l2velori | 256 | 0.0476 | 0.00154 | 0.01160 | 0.13x | +0.061 | 0.67 |

rank by |drift_z| : ['L256_A_l2vel', 'L256_C_l2velori']
rank by vel_rmse  : ['L256_C_l2velori', 'L256_A_l2vel']
[2026-08-10 00:15:15] sweep: contact_meas_var=1e-4
Failed to import warp: No module named 'warp'
Failed to import mujoco_warp: No module named 'warp'
cells: ['L256_A_l2vel', 'L256_C_l2velori']
collector: 9 filtered joints, 8 IMUs, 8 contacts, 4 off-path joints, dt=0.001 (1000 Hz)  [built in 0.9s]
held-out: ['flat_n8fix_seed028.npz', 'hard_stepping_n8fix_seed027.npz', 'stepping_stones_n8fix_seed022.npz', 'waves_n8fix_seed025.npz']
  reused flat_n8fix_seed000_feat.npz (cache newer than rollout, channels match)
  reused flat_n8fix_seed004_feat.npz (cache newer than rollout, channels match)
  reused flat_n8fix_seed008_feat.npz (cache newer than rollout, channels match)
  reused flat_n8fix_seed012_feat.npz (cache newer than rollout, channels match)
  reused flat_n8fix_seed016_feat.npz (cache newer than rollout, channels match)
  reused flat_n8fix_seed020_feat.npz (cache newer than rollout, channels match)
  reused flat_n8fix_seed024_feat.npz (cache newer than rollout, channels match)
  reused hard_stepping_n8fix_seed003_feat.npz (cache newer than rollout, channels match)
  reused hard_stepping_n8fix_seed007_feat.npz (cache newer than rollout, channels match)
  reused hard_stepping_n8fix_seed011_feat.npz (cache newer than rollout, channels match)
  reused hard_stepping_n8fix_seed015_feat.npz (cache newer than rollout, channels match)
  reused hard_stepping_n8fix_seed019_feat.npz (cache newer than rollout, channels match)
  reused hard_stepping_n8fix_seed023_feat.npz (cache newer than rollout, channels match)
  reused stepping_stones_n8fix_seed006_feat.npz (cache newer than rollout, channels match)
  reused stepping_stones_n8fix_seed014_feat.npz (cache newer than rollout, channels match)
  reused stepping_stones_n8fix_seed018_feat.npz (cache newer than rollout, channels match)
  reused waves_n8fix_seed001_feat.npz (cache newer than rollout, channels match)
  reused waves_n8fix_seed005_feat.npz (cache newer than rollout, channels match)
  reused waves_n8fix_seed009_feat.npz (cache newer than rollout, channels match)
  reused waves_n8fix_seed017_feat.npz (cache newer than rollout, channels match)
  reused waves_n8fix_seed021_feat.npz (cache newer than rollout, channels match)
  reused flat_n8fix_seed028_feat.npz (cache newer than rollout, channels match)
  reused hard_stepping_n8fix_seed027_feat.npz (cache newer than rollout, channels match)
  reused stepping_stones_n8fix_seed022_feat.npz (cache newer than rollout, channels match)
  reused waves_n8fix_seed025_feat.npz (cache newer than rollout, channels match)
1 distinct normalization(s) across 2 cells
  P0 from flat/seed0 ticks [16019, 19019): diag(R)=[6.64983805e-05 6.89037297e-05 1.00027989e+00], diag(v)=[0.00079118 0.00077245 0.00018433], diag(p)=[0.12287249 0.12097755 0.12140872], diag(d)=[0.12287031 0.12097683 0.12141024 0.12286839 0.12097627 0.1214101
 0.1228721  0.12098173 0.12140916 0.12287092 0.12098141 0.12140908
 0.12291139 0.12104048 0.12144945 0.12291014 0.12104344 0.12144625
 0.12293942 0.12105974 0.12142006 0.12287423 0.12097469 0.12141085], eig in [8.791e-08, 1.152e+00]
  L256_A_l2vel           drift_z -0.00268 m/s (analytic -0.01044)  rmse 0.0487
  L256_C_l2velori        drift_z -0.00332 m/s (analytic -0.01044)  rmse 0.0476

### Drift vs the metric the arms were selected on (28 s of held-out walking per rollout)

| cell | L | vel RMSE | |drift_z| [m/s] | analytic | ratio | final e_z | horiz % |
|---|---|---|---|---|---|---|---|
| L256_A_l2vel | 256 | 0.0487 | 0.00268 | 0.01044 | 0.26x | -0.056 | 1.03 |
| L256_C_l2velori | 256 | 0.0476 | 0.00332 | 0.01044 | 0.32x | -0.074 | 0.51 |

rank by |drift_z| : ['L256_A_l2vel', 'L256_C_l2velori']
rank by vel_rmse  : ['L256_C_l2velori', 'L256_A_l2vel']
[2026-08-10 00:23:25] sweep: contact_meas_var=3e-4
Failed to import warp: No module named 'warp'
Failed to import mujoco_warp: No module named 'warp'
cells: ['L256_A_l2vel', 'L256_C_l2velori']
collector: 9 filtered joints, 8 IMUs, 8 contacts, 4 off-path joints, dt=0.001 (1000 Hz)  [built in 0.9s]
held-out: ['flat_n8fix_seed028.npz', 'hard_stepping_n8fix_seed027.npz', 'stepping_stones_n8fix_seed022.npz', 'waves_n8fix_seed025.npz']
  reused flat_n8fix_seed000_feat.npz (cache newer than rollout, channels match)
  reused flat_n8fix_seed004_feat.npz (cache newer than rollout, channels match)
  reused flat_n8fix_seed008_feat.npz (cache newer than rollout, channels match)
  reused flat_n8fix_seed012_feat.npz (cache newer than rollout, channels match)
  reused flat_n8fix_seed016_feat.npz (cache newer than rollout, channels match)
  reused flat_n8fix_seed020_feat.npz (cache newer than rollout, channels match)
  reused flat_n8fix_seed024_feat.npz (cache newer than rollout, channels match)
  reused hard_stepping_n8fix_seed003_feat.npz (cache newer than rollout, channels match)
  reused hard_stepping_n8fix_seed007_feat.npz (cache newer than rollout, channels match)
  reused hard_stepping_n8fix_seed011_feat.npz (cache newer than rollout, channels match)
  reused hard_stepping_n8fix_seed015_feat.npz (cache newer than rollout, channels match)
  reused hard_stepping_n8fix_seed019_feat.npz (cache newer than rollout, channels match)
  reused hard_stepping_n8fix_seed023_feat.npz (cache newer than rollout, channels match)
  reused stepping_stones_n8fix_seed006_feat.npz (cache newer than rollout, channels match)
  reused stepping_stones_n8fix_seed014_feat.npz (cache newer than rollout, channels match)
  reused stepping_stones_n8fix_seed018_feat.npz (cache newer than rollout, channels match)
  reused waves_n8fix_seed001_feat.npz (cache newer than rollout, channels match)
  reused waves_n8fix_seed005_feat.npz (cache newer than rollout, channels match)
  reused waves_n8fix_seed009_feat.npz (cache newer than rollout, channels match)
  reused waves_n8fix_seed017_feat.npz (cache newer than rollout, channels match)
  reused waves_n8fix_seed021_feat.npz (cache newer than rollout, channels match)
  reused flat_n8fix_seed028_feat.npz (cache newer than rollout, channels match)
  reused hard_stepping_n8fix_seed027_feat.npz (cache newer than rollout, channels match)
  reused stepping_stones_n8fix_seed022_feat.npz (cache newer than rollout, channels match)
  reused waves_n8fix_seed025_feat.npz (cache newer than rollout, channels match)
1 distinct normalization(s) across 2 cells
  P0 from flat/seed0 ticks [16019, 19019): diag(R)=[6.83418768e-05 7.03353401e-05 1.00028284e+00], diag(v)=[0.00086241 0.00085691 0.00019555], diag(p)=[0.12296894 0.12106344 0.12152917], diag(d)=[0.12296602 0.12106296 0.1215312  0.12296431 0.12106267 0.12153092
 0.12297192 0.12107217 0.12153041 0.12297109 0.12107196 0.12153022
 0.12308545 0.12125194 0.12165114 0.12308172 0.1212608  0.12164158
 0.12316938 0.12130954 0.12156312 0.12296928 0.12105721 0.12153309], eig in [1.609e-07, 1.153e+00]
  L256_A_l2vel           drift_z -0.00465 m/s (analytic -0.00902)  rmse 0.0487
  L256_C_l2velori        drift_z -0.00555 m/s (analytic -0.00902)  rmse 0.0476

### Drift vs the metric the arms were selected on (28 s of held-out walking per rollout)

| cell | L | vel RMSE | |drift_z| [m/s] | analytic | ratio | final e_z | horiz % |
|---|---|---|---|---|---|---|---|
| L256_A_l2vel | 256 | 0.0487 | 0.00465 | 0.00902 | 0.52x | -0.110 | 0.85 |
| L256_C_l2velori | 256 | 0.0476 | 0.00555 | 0.00902 | 0.62x | -0.139 | 0.49 |

rank by |drift_z| : ['L256_A_l2vel', 'L256_C_l2velori']
rank by vel_rmse  : ['L256_C_l2velori', 'L256_A_l2vel']
[2026-08-10 00:31:30] sweep: contact_meas_var=1e-3
Failed to import warp: No module named 'warp'
Failed to import mujoco_warp: No module named 'warp'
cells: ['L256_A_l2vel', 'L256_C_l2velori']
collector: 9 filtered joints, 8 IMUs, 8 contacts, 4 off-path joints, dt=0.001 (1000 Hz)  [built in 0.9s]
held-out: ['flat_n8fix_seed028.npz', 'hard_stepping_n8fix_seed027.npz', 'stepping_stones_n8fix_seed022.npz', 'waves_n8fix_seed025.npz']
  reused flat_n8fix_seed000_feat.npz (cache newer than rollout, channels match)
  reused flat_n8fix_seed004_feat.npz (cache newer than rollout, channels match)
  reused flat_n8fix_seed008_feat.npz (cache newer than rollout, channels match)
  reused flat_n8fix_seed012_feat.npz (cache newer than rollout, channels match)
  reused flat_n8fix_seed016_feat.npz (cache newer than rollout, channels match)
  reused flat_n8fix_seed020_feat.npz (cache newer than rollout, channels match)
  reused flat_n8fix_seed024_feat.npz (cache newer than rollout, channels match)
  reused hard_stepping_n8fix_seed003_feat.npz (cache newer than rollout, channels match)
  reused hard_stepping_n8fix_seed007_feat.npz (cache newer than rollout, channels match)
  reused hard_stepping_n8fix_seed011_feat.npz (cache newer than rollout, channels match)
  reused hard_stepping_n8fix_seed015_feat.npz (cache newer than rollout, channels match)
  reused hard_stepping_n8fix_seed019_feat.npz (cache newer than rollout, channels match)
  reused hard_stepping_n8fix_seed023_feat.npz (cache newer than rollout, channels match)
  reused stepping_stones_n8fix_seed006_feat.npz (cache newer than rollout, channels match)
  reused stepping_stones_n8fix_seed014_feat.npz (cache newer than rollout, channels match)
  reused stepping_stones_n8fix_seed018_feat.npz (cache newer than rollout, channels match)
  reused waves_n8fix_seed001_feat.npz (cache newer than rollout, channels match)
  reused waves_n8fix_seed005_feat.npz (cache newer than rollout, channels match)
  reused waves_n8fix_seed009_feat.npz (cache newer than rollout, channels match)
  reused waves_n8fix_seed017_feat.npz (cache newer than rollout, channels match)
  reused waves_n8fix_seed021_feat.npz (cache newer than rollout, channels match)
  reused flat_n8fix_seed028_feat.npz (cache newer than rollout, channels match)
  reused hard_stepping_n8fix_seed027_feat.npz (cache newer than rollout, channels match)
  reused stepping_stones_n8fix_seed022_feat.npz (cache newer than rollout, channels match)
  reused waves_n8fix_seed025_feat.npz (cache newer than rollout, channels match)
1 distinct normalization(s) across 2 cells
  P0 from flat/seed0 ticks [16019, 19019): diag(R)=[7.14802905e-05 7.28271671e-05 1.00028709e+00], diag(v)=[0.00098694 0.00100345 0.00021596], diag(p)=[0.12313766 0.12121895 0.1217686 ], diag(d)=[0.12313923 0.12122268 0.12177008 0.1231391  0.1212237  0.12176936
 0.123156   0.12124462 0.12177215 0.12315667 0.12124496 0.12177252
 0.12352416 0.12184401 0.12217279 0.1235117  0.1218735  0.12214136
 0.12380212 0.12203411 0.12188118 0.12313454 0.12120552 0.12177555], eig in [3.101e-07, 1.156e+00]
  L256_A_l2vel           drift_z -0.00542 m/s (analytic -0.00711)  rmse 0.0487
